stm32g4xx_ll_exti.h:313:22:LL_EXTI_EnableIT_0_31	16	static
stm32g4xx_ll_exti.h:388:22:LL_EXTI_DisableIT_0_31	16	static
stm32g4xx_ll_spi.h:968:26:LL_SPI_IsActiveFlag_BSY	16	static
stm32g4xx_ll_spi.h:1357:22:LL_SPI_TransmitData8	24	static
stm32g4xx_ll_gpio.h:895:22:LL_GPIO_SetOutputPin	16	static
stm32g4xx_ll_gpio.h:924:22:LL_GPIO_ResetOutputPin	16	static
Device.c:17:6:POWER_DA_CONTROL_A	24	static
Device.c:41:6:POWER_DA_CONTROL_B	24	static
Device.c:82:6:Q_change_A	32	static
Device.c:103:6:Ready_A_Start	8	static
Device.c:109:6:Ready_A_Stop	8	static
Device.c:117:6:Q_change_B	32	static
Device.c:138:6:Ready_B_Start	8	static
Device.c:144:6:Ready_B_Stop	8	static
