core_cm4.h:1667:26:__NVIC_GetPriorityGrouping	4	static
core_cm4.h:1679:22:__NVIC_EnableIRQ	16	static,ignoring_inline_asm
core_cm4.h:1809:22:__NVIC_SetPriority	16	static
core_cm4.h:1856:26:NVIC_EncodePriority	40	static
stm32g4xx_ll_adc.h:2659:26:LL_ADC_DMA_GetRegAddr	24	static
stm32g4xx_ll_adc.h:3520:22:LL_ADC_SetGainCompensation	16	static
stm32g4xx_ll_adc.h:3762:22:LL_ADC_REG_SetTriggerEdge	16	static
stm32g4xx_ll_adc.h:4086:22:LL_ADC_REG_SetSequencerRanks	32	static
stm32g4xx_ll_adc.h:5325:22:LL_ADC_SetChannelSamplingTime	32	static
stm32g4xx_ll_adc.h:5490:22:LL_ADC_SetChannelSingleDiff	24	static
stm32g4xx_ll_adc.h:6162:22:LL_ADC_SetOverSamplingScope	16	static
stm32g4xx_ll_adc.h:6214:22:LL_ADC_SetOverSamplingDiscont	16	static
stm32g4xx_ll_adc.h:6272:22:LL_ADC_ConfigOverSamplingRatioShift	24	static
stm32g4xx_ll_adc.h:6591:22:LL_ADC_DisableDeepPowerDown	16	static
stm32g4xx_ll_adc.h:6624:22:LL_ADC_EnableInternalRegulator	16	static
stm32g4xx_ll_adc.h:6675:22:LL_ADC_Enable	16	static
stm32g4xx_ll_adc.h:6714:26:LL_ADC_IsEnabled	16	static
stm32g4xx_ll_adc.h:6725:26:LL_ADC_IsDisableOngoing	16	static
stm32g4xx_ll_adc.h:6753:22:LL_ADC_StartCalibration	16	static
stm32g4xx_ll_adc.h:6769:26:LL_ADC_IsCalibrationOnGoing	16	static
stm32g4xx_ll_adc.h:6800:22:LL_ADC_REG_StartConversion	16	static
stm32g4xx_ll_adc.h:6820:22:LL_ADC_REG_StopConversion	16	static
stm32g4xx_ll_adc.h:6836:26:LL_ADC_REG_IsConversionOngoing	16	static
stm32g4xx_ll_adc.h:6918:26:LL_ADC_REG_ReadConversionData12	16	static
stm32g4xx_ll_adc.h:7228:26:LL_ADC_IsActiveFlag_ADRDY	16	static
stm32g4xx_ll_adc.h:7758:22:LL_ADC_EnableIT_EOC	16	static
stm32g4xx_ll_adc.h:7780:22:LL_ADC_EnableIT_OVR	16	static
stm32g4xx_ll_adc.h:7890:22:LL_ADC_DisableIT_EOS	16	static
stm32g4xx_ll_adc.h:7901:22:LL_ADC_DisableIT_OVR	16	static
stm32g4xx_ll_dma.h:518:22:LL_DMA_EnableChannel	24	static
stm32g4xx_ll_dma.h:540:22:LL_DMA_DisableChannel	24	static
stm32g4xx_ll_dma.h:629:22:LL_DMA_SetDataTransferDirection	32	static
stm32g4xx_ll_dma.h:656:26:LL_DMA_GetDataTransferDirection	24	static
stm32g4xx_ll_dma.h:684:22:LL_DMA_SetMode	32	static
stm32g4xx_ll_dma.h:735:22:LL_DMA_SetPeriphIncMode	32	static
stm32g4xx_ll_dma.h:786:22:LL_DMA_SetMemoryIncMode	32	static
stm32g4xx_ll_dma.h:838:22:LL_DMA_SetPeriphSize	32	static
stm32g4xx_ll_dma.h:891:22:LL_DMA_SetMemorySize	32	static
stm32g4xx_ll_dma.h:945:22:LL_DMA_SetChannelPriorityLevel	32	static
stm32g4xx_ll_dma.h:998:22:LL_DMA_SetDataLength	32	static
stm32g4xx_ll_dma.h:1055:22:LL_DMA_ConfigAddresses	32	static
stm32g4xx_ll_dma.h:1407:22:LL_DMA_SetPeriphRequest	32	static
stm32g4xx_ll_dma.h:1848:26:LL_DMA_IsActiveFlag_TE1	16	static
stm32g4xx_ll_dma.h:1859:26:LL_DMA_IsActiveFlag_TE2	16	static
stm32g4xx_ll_dma.h:1870:26:LL_DMA_IsActiveFlag_TE3	16	static
stm32g4xx_ll_dma.h:1881:26:LL_DMA_IsActiveFlag_TE4	16	static
stm32g4xx_ll_dma.h:1892:26:LL_DMA_IsActiveFlag_TE5	16	static
stm32g4xx_ll_dma.h:1903:26:LL_DMA_IsActiveFlag_TE6	16	static
stm32g4xx_ll_dma.h:2325:22:LL_DMA_EnableIT_TC	24	static
stm32g4xx_ll_dma.h:2369:22:LL_DMA_EnableIT_TE	24	static
stm32g4xx_ll_rcc.h:946:22:LL_RCC_HSE_Enable	4	static
stm32g4xx_ll_rcc.h:966:26:LL_RCC_HSE_IsReady	4	static
stm32g4xx_ll_rcc.h:1342:22:LL_RCC_SetSysClkSource	16	static
stm32g4xx_ll_rcc.h:1355:26:LL_RCC_GetSysClkSource	4	static
stm32g4xx_ll_rcc.h:1375:22:LL_RCC_SetAHBPrescaler	16	static
stm32g4xx_ll_rcc.h:1391:22:LL_RCC_SetAPB1Prescaler	16	static
stm32g4xx_ll_rcc.h:1407:22:LL_RCC_SetAPB2Prescaler	16	static
stm32g4xx_ll_rcc.h:1523:22:LL_RCC_SetUSARTClockSource	16	static
stm32g4xx_ll_rcc.h:1545:22:LL_RCC_SetUARTClockSource	16	static
stm32g4xx_ll_rcc.h:1561:22:LL_RCC_SetLPUARTClockSource	16	static
stm32g4xx_ll_rcc.h:1586:22:LL_RCC_SetI2CClockSource	24	static
stm32g4xx_ll_rcc.h:1696:22:LL_RCC_SetADCClockSource	16	static
stm32g4xx_ll_rcc.h:2055:22:LL_RCC_PLL_Enable	4	static
stm32g4xx_ll_rcc.h:2076:26:LL_RCC_PLL_IsReady	4	static
stm32g4xx_ll_rcc.h:2119:22:LL_RCC_PLL_ConfigDomain_SYS	24	static
stm32g4xx_ll_rcc.h:2428:22:LL_RCC_PLL_EnableDomain_SYS	4	static
stm32g4xx_ll_bus.h:245:22:LL_AHB1_GRP1_EnableClock	24	static
stm32g4xx_ll_bus.h:453:22:LL_AHB2_GRP1_EnableClock	24	static
stm32g4xx_ll_bus.h:915:22:LL_APB1_GRP1_EnableClock	24	static
stm32g4xx_ll_bus.h:1429:22:LL_APB2_GRP1_EnableClock	24	static
stm32g4xx_ll_system.h:713:22:LL_SYSCFG_SetEXTISource	32	static,ignoring_inline_asm
stm32g4xx_ll_system.h:1289:22:LL_FLASH_SetLatency	16	static
stm32g4xx_ll_system.h:1317:26:LL_FLASH_GetLatency	4	static
stm32g4xx_ll_pwr.h:342:22:LL_PWR_EnableRange1BoostMode	4	static
stm32g4xx_ll_spi.h:359:22:LL_SPI_Enable	16	static
stm32g4xx_ll_spi.h:427:22:LL_SPI_SetStandard	16	static
stm32g4xx_ll_spi.h:863:22:LL_SPI_EnableNSSPulseMgt	16	static
stm32g4xx_ll_usart.h:629:22:LL_USART_Enable	16	static
stm32g4xx_ll_usart.h:680:22:LL_USART_DisableFIFO	16	static
stm32g4xx_ll_usart.h:713:22:LL_USART_SetTXFIFOThreshold	16	static
stm32g4xx_ll_usart.h:752:22:LL_USART_SetRXFIFOThreshold	16	static
stm32g4xx_ll_usart.h:2668:22:LL_USART_ConfigAsyncMode	16	static
stm32g4xx_ll_usart.h:3190:26:LL_USART_IsActiveFlag_TEACK	16	static
stm32g4xx_ll_usart.h:3201:26:LL_USART_IsActiveFlag_REACK	16	static
stm32g4xx_ll_usart.h:4119:22:LL_USART_EnableDMAReq_RX	16	static
stm32g4xx_ll_usart.h:4222:26:LL_USART_DMA_GetRegAddr	24	static
stm32g4xx_ll_usart.h:4277:22:LL_USART_TransmitData8	16	static
stm32g4xx_ll_gpio.h:286:22:LL_GPIO_SetPinMode	48	static,ignoring_inline_asm
stm32g4xx_ll_gpio.h:497:22:LL_GPIO_SetPinPull	48	static,ignoring_inline_asm
stm32g4xx_ll_gpio.h:814:26:LL_GPIO_IsInputPinSet	16	static
stm32g4xx_ll_gpio.h:895:22:LL_GPIO_SetOutputPin	16	static
stm32g4xx_ll_gpio.h:924:22:LL_GPIO_ResetOutputPin	16	static
stm32g4xx_ll_gpio.h:953:22:LL_GPIO_TogglePin	24	static
main.c:165:10:byte2int	24	static
main.c:176:12:compare	16	static
main.c:192:6:value_init	16	static
main.c:334:6:AP_A_FAN_ON	8	static
main.c:341:6:AP_A_FAN_OFF	8	static
main.c:350:6:AP_B_FAN_ON	8	static
main.c:357:6:AP_B_FAN_OFF	8	static
main.c:366:6:RunToStopA	8	static
main.c:396:6:RunToStopB	8	static
main.c:426:6:RunToStopVal	4	static
main.c:443:6:RunToPause	16	static
main.c:509:6:RunToRest	16	static
main.c:570:6:System_Off	8	static,ignoring_inline_asm
main.c:624:6:Pwr_Btn_Check	8	static
main.c:667:6:Status_Check	8	static
main.c:766:6:Error_Check	8	static
main.c:806:6:Error_Sound_cnt	4	static
main.c:890:6:Encoder_Check	24	static
main.c:943:5:main	64	static
main.c:2037:6:SystemClock_Config	8	static
main.c:2098:13:MX_ADC1_Init	88	static
main.c:2199:13:MX_ADC2_Init	88	static
main.c:2322:13:MX_ADC3_Init	88	static
main.c:2412:13:MX_ADC5_Init	40	static
main.c:2486:13:MX_I2C3_Init	8	static
main.c:2532:13:MX_LPUART1_UART_Init	8	static
main.c:2586:13:MX_UART4_Init	8	static
main.c:2641:13:MX_UART5_Init	80	static
main.c:2770:13:MX_USART1_UART_Init	80	static
main.c:2899:13:MX_USART2_UART_Init	64	static
main.c:2972:13:MX_USART3_UART_Init	80	static
main.c:3101:13:MX_SPI1_Init	72	static
main.c:3167:13:MX_TIM1_Init	120	static
main.c:3244:13:MX_TIM2_Init	56	static
main.c:3302:13:MX_TIM3_Init	48	static
main.c:3351:13:MX_TIM6_Init	32	static
main.c:3392:13:MX_TIM7_Init	32	static
main.c:3433:13:MX_TIM8_Init	120	static
main.c:3508:13:MX_DMA_Init	8	static
main.c:3547:13:MX_GPIO_Init	48	static
main.c:4180:6:Activate_ADC	16	static
main.c:4429:6:DMA2_Channel1_ConvCplt_Callback	16	static
main.c:4467:6:AdcGrpRegularUnitaryConvComplete_Callback1	16	static
main.c:4481:6:AdcGrpRegularUnitaryConvComplete_Callback5	16	static
main.c:4499:6:AdcGrpRegularOverrunError_Callback1	8	static
main.c:4508:6:AdcGrpRegularOverrunError_Callback5	8	static
main.c:4517:6:ADC2_TransferError_Callback	8	static
main.c:4524:6:QR_Pulse_A_Callback	8	static
main.c:4626:6:QR_Pulse_B_Callback	8	static
main.c:4727:6:Patient_SW_Callback	8	static
main.c:4748:5:__io_putchar	16	static
main.c:4759:6:HAL_UART_RxCpltCallback	16	static
main.c:4861:6:USART1_TransferError_Callback	8	static
main.c:4878:6:USART3_TransferError_Callback	8	static
main.c:4895:6:UART5_TransferError_Callback	8	static
main.c:4918:6:Error_Handler	4	static
