stm32g4xx_ll_dma.h:518:22:LL_DMA_EnableChannel	24	static
stm32g4xx_ll_dma.h:540:22:LL_DMA_DisableChannel	24	static
stm32g4xx_ll_dma.h:998:22:LL_DMA_SetDataLength	32	static
stm32g4xx_ll_usart.h:4152:22:LL_USART_EnableDMAReq_TX	16	static
stm32g4xx_ll_usart.h:4277:22:LL_USART_TransmitData8	16	static
stm32g4xx_ll_gpio.h:814:26:LL_GPIO_IsInputPinSet	16	static
stm32g4xx_ll_gpio.h:895:22:LL_GPIO_SetOutputPin	16	static
stm32g4xx_ll_gpio.h:924:22:LL_GPIO_ResetOutputPin	16	static
Serial.c:25:9:BCC_chk	24	static
Serial.c:41:6:SEND_RESPONSE	8	static
Serial.c:60:6:DMA1_Channel2_TransmitCplt_Callback	8	static
Serial.c:72:6:DLE_encryption1	24	static
Serial.c:95:6:SEND_1BYTE	32	static
Serial.c:121:6:SEND_MEMREPLY	32	static
Serial.c:148:6:SEND_MEMREAD	32	static
Serial.c:183:6:SEND_TEMP	32	static
Serial.c:213:6:SEND_HALL	32	static
Serial.c:242:6:SEND_VERSION	24	static
Serial.c:274:6:SEND_STATUS	24	static
Serial.c:302:6:SEND_ERROR	24	static
Serial.c:335:6:DMA1_Channel1_ReceiveCplt_Callback	16	static
Serial.c:393:6:CHK_CMD	64	static
Serial.c:1164:6:_send_response3	8	static
Serial.c:1182:6:DMA1_Channel4_TransmitCplt_Callback	8	static
Serial.c:1194:6:DLE_encryption3	24	static
Serial.c:1218:6:_send_cmd3	32	static
Serial.c:1240:6:_send_1byte3	32	static
Serial.c:1263:6:DMA1_Channel3_ReceiveCplt_Callback	16	static
Serial.c:1321:6:_chk_cmd3	8	static
Serial.c:1359:6:_send_response5	8	static
Serial.c:1378:6:DMA1_Channel6_TransmitCplt_Callback	8	static
Serial.c:1390:6:DLE_encryption5	24	static
Serial.c:1414:6:_send_cmd5	32	static
Serial.c:1436:6:_send_1byte5	32	static
Serial.c:1459:6:DMA1_Channel5_ReceiveCplt_Callback	16	static
Serial.c:1517:6:_chk_cmd5	8	static
