stm32g4xx_ll_adc.h:7239:26:LL_ADC_IsActiveFlag_EOC	16	static
stm32g4xx_ll_adc.h:7261:26:LL_ADC_IsActiveFlag_OVR	16	static
stm32g4xx_ll_adc.h:7363:22:LL_ADC_ClearFlag_EOC	16	static
stm32g4xx_ll_adc.h:7385:22:LL_ADC_ClearFlag_OVR	16	static
stm32g4xx_ll_dma.h:1664:26:LL_DMA_IsActiveFlag_TC1	16	static
stm32g4xx_ll_dma.h:1675:26:LL_DMA_IsActiveFlag_TC2	16	static
stm32g4xx_ll_dma.h:1686:26:LL_DMA_IsActiveFlag_TC3	16	static
stm32g4xx_ll_dma.h:1697:26:LL_DMA_IsActiveFlag_TC4	16	static
stm32g4xx_ll_dma.h:1708:26:LL_DMA_IsActiveFlag_TC5	16	static
stm32g4xx_ll_dma.h:1719:26:LL_DMA_IsActiveFlag_TC6	16	static
stm32g4xx_ll_dma.h:1848:26:LL_DMA_IsActiveFlag_TE1	16	static
stm32g4xx_ll_dma.h:1859:26:LL_DMA_IsActiveFlag_TE2	16	static
stm32g4xx_ll_dma.h:1870:26:LL_DMA_IsActiveFlag_TE3	16	static
stm32g4xx_ll_dma.h:1881:26:LL_DMA_IsActiveFlag_TE4	16	static
stm32g4xx_ll_dma.h:1892:26:LL_DMA_IsActiveFlag_TE5	16	static
stm32g4xx_ll_dma.h:1903:26:LL_DMA_IsActiveFlag_TE6	16	static
stm32g4xx_ll_dma.h:1940:22:LL_DMA_ClearFlag_GI1	16	static
stm32g4xx_ll_dma.h:1951:22:LL_DMA_ClearFlag_GI2	16	static
stm32g4xx_ll_dma.h:1962:22:LL_DMA_ClearFlag_GI3	16	static
stm32g4xx_ll_dma.h:1973:22:LL_DMA_ClearFlag_GI4	16	static
stm32g4xx_ll_dma.h:1984:22:LL_DMA_ClearFlag_GI5	16	static
stm32g4xx_ll_dma.h:1995:22:LL_DMA_ClearFlag_GI6	16	static
stm32g4xx_ll_exti.h:1240:26:LL_EXTI_IsActiveFlag_0_31	16	static
stm32g4xx_ll_exti.h:1360:22:LL_EXTI_ClearFlag_0_31	16	static
stm32g4xx_it.c:74:6:NMI_Handler	4	static
stm32g4xx_it.c:87:6:HardFault_Handler	4	static
stm32g4xx_it.c:102:6:MemManage_Handler	4	static
stm32g4xx_it.c:117:6:BusFault_Handler	4	static
stm32g4xx_it.c:132:6:UsageFault_Handler	4	static
stm32g4xx_it.c:147:6:SVC_Handler	4	static
stm32g4xx_it.c:160:6:DebugMon_Handler	4	static
stm32g4xx_it.c:173:6:PendSV_Handler	4	static
stm32g4xx_it.c:186:6:SysTick_Handler	8	static
stm32g4xx_it.c:207:6:EXTI0_IRQHandler	8	static
stm32g4xx_it.c:229:6:EXTI1_IRQHandler	8	static
stm32g4xx_it.c:251:6:EXTI2_IRQHandler	8	static
stm32g4xx_it.c:273:6:DMA1_Channel1_IRQHandler	8	static
stm32g4xx_it.c:299:6:DMA1_Channel2_IRQHandler	8	static
stm32g4xx_it.c:326:6:DMA1_Channel3_IRQHandler	8	static
stm32g4xx_it.c:353:6:DMA1_Channel4_IRQHandler	8	static
stm32g4xx_it.c:380:6:DMA1_Channel5_IRQHandler	8	static
stm32g4xx_it.c:407:6:DMA1_Channel6_IRQHandler	8	static
stm32g4xx_it.c:434:6:ADC1_2_IRQHandler	8	static
stm32g4xx_it.c:469:6:UART4_IRQHandler	8	static
stm32g4xx_it.c:483:6:TIM6_DAC_IRQHandler	8	static
stm32g4xx_it.c:497:6:DMA2_Channel1_IRQHandler	8	static
stm32g4xx_it.c:524:6:ADC5_IRQHandler	8	static
stm32g4xx_it.c:559:6:LPUART1_IRQHandler	8	static
