Archive member included to satisfy reference by file (symbol)

c:/st/stm32cubeide_1.5.0/stm32cubeide/plugins/com.st.stm32cube.ide.mcu.externaltools.gnu-tools-for-stm32.7-2018-q2-update.win32_1.5.0.202011040924/tools/bin/../lib/gcc/arm-none-eabi/7.3.1/../../../../arm-none-eabi/lib/thumb/v7e-m/fpv4-sp/hard\libc_nano.a(lib_a-errno.o)
                              Core/Src/syscalls.o (__errno)
c:/st/stm32cubeide_1.5.0/stm32cubeide/plugins/com.st.stm32cube.ide.mcu.externaltools.gnu-tools-for-stm32.7-2018-q2-update.win32_1.5.0.202011040924/tools/bin/../lib/gcc/arm-none-eabi/7.3.1/../../../../arm-none-eabi/lib/thumb/v7e-m/fpv4-sp/hard\libc_nano.a(lib_a-exit.o)
                              c:/st/stm32cubeide_1.5.0/stm32cubeide/plugins/com.st.stm32cube.ide.mcu.externaltools.gnu-tools-for-stm32.7-2018-q2-update.win32_1.5.0.202011040924/tools/bin/../lib/gcc/arm-none-eabi/7.3.1/../../../../arm-none-eabi/lib/thumb/v7e-m/fpv4-sp/hard/crt0.o (exit)
c:/st/stm32cubeide_1.5.0/stm32cubeide/plugins/com.st.stm32cube.ide.mcu.externaltools.gnu-tools-for-stm32.7-2018-q2-update.win32_1.5.0.202011040924/tools/bin/../lib/gcc/arm-none-eabi/7.3.1/../../../../arm-none-eabi/lib/thumb/v7e-m/fpv4-sp/hard\libc_nano.a(lib_a-fflush.o)
                              Core/Src/main.o (fflush)
c:/st/stm32cubeide_1.5.0/stm32cubeide/plugins/com.st.stm32cube.ide.mcu.externaltools.gnu-tools-for-stm32.7-2018-q2-update.win32_1.5.0.202011040924/tools/bin/../lib/gcc/arm-none-eabi/7.3.1/../../../../arm-none-eabi/lib/thumb/v7e-m/fpv4-sp/hard\libc_nano.a(lib_a-findfp.o)
                              c:/st/stm32cubeide_1.5.0/stm32cubeide/plugins/com.st.stm32cube.ide.mcu.externaltools.gnu-tools-for-stm32.7-2018-q2-update.win32_1.5.0.202011040924/tools/bin/../lib/gcc/arm-none-eabi/7.3.1/../../../../arm-none-eabi/lib/thumb/v7e-m/fpv4-sp/hard\libc_nano.a(lib_a-fflush.o) (__sinit)
c:/st/stm32cubeide_1.5.0/stm32cubeide/plugins/com.st.stm32cube.ide.mcu.externaltools.gnu-tools-for-stm32.7-2018-q2-update.win32_1.5.0.202011040924/tools/bin/../lib/gcc/arm-none-eabi/7.3.1/../../../../arm-none-eabi/lib/thumb/v7e-m/fpv4-sp/hard\libc_nano.a(lib_a-fwalk.o)
                              c:/st/stm32cubeide_1.5.0/stm32cubeide/plugins/com.st.stm32cube.ide.mcu.externaltools.gnu-tools-for-stm32.7-2018-q2-update.win32_1.5.0.202011040924/tools/bin/../lib/gcc/arm-none-eabi/7.3.1/../../../../arm-none-eabi/lib/thumb/v7e-m/fpv4-sp/hard\libc_nano.a(lib_a-findfp.o) (_fwalk)
c:/st/stm32cubeide_1.5.0/stm32cubeide/plugins/com.st.stm32cube.ide.mcu.externaltools.gnu-tools-for-stm32.7-2018-q2-update.win32_1.5.0.202011040924/tools/bin/../lib/gcc/arm-none-eabi/7.3.1/../../../../arm-none-eabi/lib/thumb/v7e-m/fpv4-sp/hard\libc_nano.a(lib_a-impure.o)
                              c:/st/stm32cubeide_1.5.0/stm32cubeide/plugins/com.st.stm32cube.ide.mcu.externaltools.gnu-tools-for-stm32.7-2018-q2-update.win32_1.5.0.202011040924/tools/bin/../lib/gcc/arm-none-eabi/7.3.1/../../../../arm-none-eabi/lib/thumb/v7e-m/fpv4-sp/hard\libc_nano.a(lib_a-exit.o) (_global_impure_ptr)
c:/st/stm32cubeide_1.5.0/stm32cubeide/plugins/com.st.stm32cube.ide.mcu.externaltools.gnu-tools-for-stm32.7-2018-q2-update.win32_1.5.0.202011040924/tools/bin/../lib/gcc/arm-none-eabi/7.3.1/../../../../arm-none-eabi/lib/thumb/v7e-m/fpv4-sp/hard\libc_nano.a(lib_a-init.o)
                              c:/st/stm32cubeide_1.5.0/stm32cubeide/plugins/com.st.stm32cube.ide.mcu.externaltools.gnu-tools-for-stm32.7-2018-q2-update.win32_1.5.0.202011040924/tools/bin/../lib/gcc/arm-none-eabi/7.3.1/../../../../arm-none-eabi/lib/thumb/v7e-m/fpv4-sp/hard/crt0.o (__libc_init_array)
c:/st/stm32cubeide_1.5.0/stm32cubeide/plugins/com.st.stm32cube.ide.mcu.externaltools.gnu-tools-for-stm32.7-2018-q2-update.win32_1.5.0.202011040924/tools/bin/../lib/gcc/arm-none-eabi/7.3.1/../../../../arm-none-eabi/lib/thumb/v7e-m/fpv4-sp/hard\libc_nano.a(lib_a-memcpy-stub.o)
                              Core/Src/aes.o (memcpy)
c:/st/stm32cubeide_1.5.0/stm32cubeide/plugins/com.st.stm32cube.ide.mcu.externaltools.gnu-tools-for-stm32.7-2018-q2-update.win32_1.5.0.202011040924/tools/bin/../lib/gcc/arm-none-eabi/7.3.1/../../../../arm-none-eabi/lib/thumb/v7e-m/fpv4-sp/hard\libc_nano.a(lib_a-memset.o)
                              c:/st/stm32cubeide_1.5.0/stm32cubeide/plugins/com.st.stm32cube.ide.mcu.externaltools.gnu-tools-for-stm32.7-2018-q2-update.win32_1.5.0.202011040924/tools/bin/../lib/gcc/arm-none-eabi/7.3.1/../../../../arm-none-eabi/lib/thumb/v7e-m/fpv4-sp/hard/crt0.o (memset)
c:/st/stm32cubeide_1.5.0/stm32cubeide/plugins/com.st.stm32cube.ide.mcu.externaltools.gnu-tools-for-stm32.7-2018-q2-update.win32_1.5.0.202011040924/tools/bin/../lib/gcc/arm-none-eabi/7.3.1/../../../../arm-none-eabi/lib/thumb/v7e-m/fpv4-sp/hard\libc_nano.a(lib_a-nano-freer.o)
[...]
Memory Configuration

Name             Origin             Length             Attributes
RAM              0x0000000020000000 0x0000000000020000 xrw
FLASH            0x0000000008000000 0x0000000000080000 xr
*default*        0x0000000000000000 0xffffffffffffffff

Linker script and memory map

LOAD c:/st/stm32cubeide_1.5.0/stm32cubeide/plugins/com.st.stm32cube.ide.mcu.externaltools.gnu-tools-for-stm32.7-2018-q2-update.win32_1.5.0.202011040924/tools/bin/../lib/gcc/arm-none-eabi/7.3.1/thumb/v7e-m/fpv4-sp/hard/crti.o
LOAD c:/st/stm32cubeide_1.5.0/stm32cubeide/plugins/com.st.stm32cube.ide.mcu.externaltools.gnu-tools-for-stm32.7-2018-q2-update.win32_1.5.0.202011040924/tools/bin/../lib/gcc/arm-none-eabi/7.3.1/thumb/v7e-m/fpv4-sp/hard/crtbegin.o
LOAD c:/st/stm32cubeide_1.5.0/stm32cubeide/plugins/com.st.stm32cube.ide.mcu.externaltools.gnu-tools-for-stm32.7-2018-q2-update.win32_1.5.0.202011040924/tools/bin/../lib/gcc/arm-none-eabi/7.3.1/../../../../arm-none-eabi/lib/thumb/v7e-m/fpv4-sp/hard/crt0.o
LOAD Core/Src/DS2482.o
LOAD Core/Src/Device.o
LOAD Core/Src/Interrupt.o
LOAD Core/Src/Serial.o
LOAD Core/Src/aes.o
LOAD Core/Src/main.o
LOAD Core/Src/stm32g4xx_hal_msp.o
LOAD Core/Src/stm32g4xx_it.o
LOAD Core/Src/syscalls.o
LOAD Core/Src/sysmem.o
LOAD Core/Src/system_stm32g4xx.o
LOAD Drivers/STM32G4xx_HAL_Driver/Src/stm32g4xx_hal.o
LOAD Drivers/STM32G4xx_HAL_Driver/Src/stm32g4xx_hal_adc.o
LOAD Drivers/STM32G4xx_HAL_Driver/Src/stm32g4xx_hal_adc_ex.o
LOAD Drivers/STM32G4xx_HAL_Driver/Src/stm32g4xx_hal_cortex.o
LOAD Drivers/STM32G4xx_HAL_Driver/Src/stm32g4xx_hal_dma.o
LOAD Drivers/STM32G4xx_HAL_Driver/Src/stm32g4xx_hal_dma_ex.o
LOAD Drivers/STM32G4xx_HAL_Driver/Src/stm32g4xx_hal_exti.o
LOAD Drivers/STM32G4xx_HAL_Driver/Src/stm32g4xx_hal_flash.o
LOAD Drivers/STM32G4xx_HAL_Driver/Src/stm32g4xx_hal_flash_ex.o
LOAD Drivers/STM32G4xx_HAL_Driver/Src/stm32g4xx_hal_flash_ramfunc.o
LOAD Drivers/STM32G4xx_HAL_Driver/Src/stm32g4xx_hal_gpio.o
LOAD Drivers/STM32G4xx_HAL_Driver/Src/stm32g4xx_hal_i2c.o
LOAD Drivers/STM32G4xx_HAL_Driver/Src/stm32g4xx_hal_i2c_ex.o
LOAD Drivers/STM32G4xx_HAL_Driver/Src/stm32g4xx_hal_pwr.o
LOAD Drivers/STM32G4xx_HAL_Driver/Src/stm32g4xx_hal_pwr_ex.o
LOAD Drivers/STM32G4xx_HAL_Driver/Src/stm32g4xx_hal_rcc.o
LOAD Drivers/STM32G4xx_HAL_Driver/Src/stm32g4xx_hal_rcc_ex.o
LOAD Drivers/STM32G4xx_HAL_Driver/Src/stm32g4xx_hal_tim.o
LOAD Drivers/STM32G4xx_HAL_Driver/Src/stm32g4xx_hal_tim_ex.o
LOAD Drivers/STM32G4xx_HAL_Driver/Src/stm32g4xx_hal_uart.o
LOAD Drivers/STM32G4xx_HAL_Driver/Src/stm32g4xx_hal_uart_ex.o
LOAD Drivers/STM32G4xx_HAL_Driver/Src/stm32g4xx_ll_adc.o
LOAD Drivers/STM32G4xx_HAL_Driver/Src/stm32g4xx_ll_dma.o
LOAD Drivers/STM32G4xx_HAL_Driver/Src/stm32g4xx_ll_exti.o
LOAD Drivers/STM32G4xx_HAL_Driver/Src/stm32g4xx_ll_gpio.o
LOAD Drivers/STM32G4xx_HAL_Driver/Src/stm32g4xx_ll_rcc.o
LOAD Drivers/STM32G4xx_HAL_Driver/Src/stm32g4xx_ll_spi.o
LOAD Drivers/STM32G4xx_HAL_Driver/Src/stm32g4xx_ll_usart.o
LOAD Drivers/STM32G4xx_HAL_Driver/Src/stm32g4xx_ll_utils.o
LOAD Startup/startup_stm32g474xx.o
START GROUP
LOAD c:/st/stm32cubeide_1.5.0/stm32cubeide/plugins/com.st.stm32cube.ide.mcu.externaltools.gnu-tools-for-stm32.7-2018-q2-update.win32_1.5.0.202011040924/tools/bin/../lib/gcc/arm-none-eabi/7.3.1/../../../../arm-none-eabi/lib/thumb/v7e-m/fpv4-sp/hard\libc_nano.a
LOAD c:/st/stm32cubeide_1.5.0/stm32cubeide/plugins/com.st.stm32cube.ide.mcu.externaltools.gnu-tools-for-stm32.7-2018-q2-update.win32_1.5.0.202011040924/tools/bin/../lib/gcc/arm-none-eabi/7.3.1/../../../../arm-none-eabi/lib/thumb/v7e-m/fpv4-sp/hard\libm.a
END GROUP
START GROUP
LOAD c:/st/stm32cubeide_1.5.0/stm32cubeide/plugins/com.st.stm32cube.ide.mcu.externaltools.gnu-tools-for-stm32.7-2018-q2-update.win32_1.5.0.202011040924/tools/bin/../lib/gcc/arm-none-eabi/7.3.1/thumb/v7e-m/fpv4-sp/hard\libgcc.a
LOAD c:/st/stm32cubeide_1.5.0/stm32cubeide/plugins/com.st.stm32cube.ide.mcu.externaltools.gnu-tools-for-stm32.7-2018-q2-update.win32_1.5.0.202011040924/tools/bin/../lib/gcc/arm-none-eabi/7.3.1/../../../../arm-none-eabi/lib/thumb/v7e-m/fpv4-sp/hard\libc_nano.a
END GROUP
START GROUP
LOAD c:/st/stm32cubeide_1.5.0/stm32cubeide/plugins/com.st.stm32cube.ide.mcu.externaltools.gnu-tools-for-stm32.7-2018-q2-update.win32_1.5.0.202011040924/tools/bin/../lib/gcc/arm-none-eabi/7.3.1/thumb/v7e-m/fpv4-sp/hard\libgcc.a
LOAD c:/st/stm32cubeide_1.5.0/stm32cubeide/plugins/com.st.stm32cube.ide.mcu.externaltools.gnu-tools-for-stm32.7-2018-q2-update.win32_1.5.0.202011040924/tools/bin/../lib/gcc/arm-none-eabi/7.3.1/../../../../arm-none-eabi/lib/thumb/v7e-m/fpv4-sp/hard\libc_nano.a
LOAD c:/st/stm32cubeide_1.5.0/stm32cubeide/plugins/com.st.stm32cube.ide.mcu.externaltools.gnu-tools-for-stm32.7-2018-q2-update.win32_1.5.0.202011040924/tools/bin/../lib/gcc/arm-none-eabi/7.3.1/../../../../arm-none-eabi/lib/thumb/v7e-m/fpv4-sp/hard\libnosys.a
END GROUP
START GROUP
LOAD c:/st/stm32cubeide_1.5.0/stm32cubeide/plugins/com.st.stm32cube.ide.mcu.externaltools.gnu-tools-for-stm32.7-2018-q2-update.win32_1.5.0.202011040924/tools/bin/../lib/gcc/arm-none-eabi/7.3.1/thumb/v7e-m/fpv4-sp/hard\libgcc.a
LOAD c:/st/stm32cubeide_1.5.0/stm32cubeide/plugins/com.st.stm32cube.ide.mcu.externaltools.gnu-tools-for-stm32.7-2018-q2-update.win32_1.5.0.202011040924/tools/bin/../lib/gcc/arm-none-eabi/7.3.1/../../../../arm-none-eabi/lib/thumb/v7e-m/fpv4-sp/hard\libc_nano.a
LOAD c:/st/stm32cubeide_1.5.0/stm32cubeide/plugins/com.st.stm32cube.ide.mcu.externaltools.gnu-tools-for-stm32.7-2018-q2-update.win32_1.5.0.202011040924/tools/bin/../lib/gcc/arm-none-eabi/7.3.1/../../../../arm-none-eabi/lib/thumb/v7e-m/fpv4-sp/hard\libnosys.a
END GROUP
LOAD c:/st/stm32cubeide_1.5.0/stm32cubeide/plugins/com.st.stm32cube.ide.mcu.externaltools.gnu-tools-for-stm32.7-2018-q2-update.win32_1.5.0.202011040924/tools/bin/../lib/gcc/arm-none-eabi/7.3.1/thumb/v7e-m/fpv4-sp/hard/crtend.o
LOAD c:/st/stm32cubeide_1.5.0/stm32cubeide/plugins/com.st.stm32cube.ide.mcu.externaltools.gnu-tools-for-stm32.7-2018-q2-update.win32_1.5.0.202011040924/tools/bin/../lib/gcc/arm-none-eabi/7.3.1/thumb/v7e-m/fpv4-sp/hard/crtn.o
                0x0000000020020000                _estack = (ORIGIN (RAM) + LENGTH (RAM))
                0x0000000000000200                _Min_Heap_Size = 0x200
                0x0000000000000800                _Min_Stack_Size = 0x800

.isr_vector     0x0000000008000000      0x1d8
                0x0000000008000000                . = ALIGN (0x4)
 *(.isr_vector)
 .isr_vector    0x0000000008000000      0x1d8 Startup/startup_stm32g474xx.o
                0x0000000008000000                g_pfnVectors
                0x00000000080001d8                . = ALIGN (0x4)

.text           0x00000000080001e0    0x14efc
                0x00000000080001e0                . = ALIGN (0x4)
 *(.text)
 .text          0x00000000080001e0       0x40 c:/st/stm32cubeide_1.5.0/stm32cubeide/plugins/com.st.stm32cube.ide.mcu.externaltools.gnu-tools-for-stm32.7-2018-q2-update.win32_1.5.0.202011040924/tools/bin/../lib/gcc/arm-none-eabi/7.3.1/thumb/v7e-m/fpv4-sp/hard/crtbegin.o
 .text          0x0000000008000220       0xa0 c:/st/stm32cubeide_1.5.0/stm32cubeide/plugins/com.st.stm32cube.ide.mcu.externaltools.gnu-tools-for-stm32.7-2018-q2-update.win32_1.5.0.202011040924/tools/bin/../lib/gcc/arm-none-eabi/7.3.1/../../../../arm-none-eabi/lib/thumb/v7e-m/fpv4-sp/hard\libc_nano.a(lib_a-memchr.o)
                0x0000000008000220                memchr
 .text          0x00000000080002c0       0x30 c:/st/stm32cubeide_1.5.0/stm32cubeide/plugins/com.st.stm32cube.ide.mcu.externaltools.gnu-tools-for-stm32.7-2018-q2-update.win32_1.5.0.202011040924/tools/bin/../lib/gcc/arm-none-eabi/7.3.1/thumb/v7e-m/fpv4-sp/hard\libgcc.a(_aeabi_uldivmod.o)
                0x00000000080002c0                __aeabi_uldivmod
 .text          0x00000000080002f0      0x2cc c:/st/stm32cubeide_1.5.0/stm32cubeide/plugins/com.st.stm32cube.ide.mcu.externaltools.gnu-tools-for-stm32.7-2018-q2-update.win32_1.5.0.202011040924/tools/bin/../lib/gcc/arm-none-eabi/7.3.1/thumb/v7e-m/fpv4-sp/hard\libgcc.a(_udivmoddi4.o)
                0x00000000080002f0                __udivmoddi4
 .text          0x00000000080005bc        0x4 c:/st/stm32cubeide_1.5.0/stm32cubeide/plugins/com.st.stm32cube.ide.mcu.externaltools.gnu-tools-for-stm32.7-2018-q2-update.win32_1.5.0.202011040924/tools/bin/../lib/gcc/arm-none-eabi/7.3.1/thumb/v7e-m/fpv4-sp/hard\libgcc.a(_dvmd_tls.o)
                0x00000000080005bc                __aeabi_idiv0
                0x00000000080005bc                __aeabi_ldiv0
 *(.text*)
 .text.DS2482_reset
                0x00000000080005c0       0xd4 Core/Src/DS2482.o
                0x00000000080005c0                DS2482_reset
 .text.DS2482_write_config
                0x0000000008000694       0xf8 Core/Src/DS2482.o
                0x0000000008000694                DS2482_write_config
 .text.DS2482_detect
                0x000000000800078c       0x78 Core/Src/DS2482.o
                0x000000000800078c                DS2482_detect
 .text.DS2482_channel_select
                0x0000000008000804      0x150 Core/Src/DS2482.o
                0x0000000008000804                DS2482_channel_select
 .text.OWReset  0x0000000008000954      0x188 Core/Src/DS2482.o
                0x0000000008000954                OWReset
 .text.OWWriteByte
                0x0000000008000adc      0x164 Core/Src/DS2482.o
                0x0000000008000adc                OWWriteByte
 .text.OWReadByte
                0x0000000008000c40      0x208 Core/Src/DS2482.o
                0x0000000008000c40                OWReadByte
 .text.OW_Copy_Scratchpad
                0x0000000008000e48      0x25c Core/Src/DS2482.o
                0x0000000008000e48                OW_Copy_Scratchpad
 .text.OW_Read_Memory
                0x00000000080010a4      0x104 Core/Src/DS2482.o
                0x00000000080010a4                OW_Read_Memory
 .text.LL_EXTI_EnableIT_0_31
                0x00000000080011a8       0x24 Core/Src/Device.o
 .text.LL_EXTI_DisableIT_0_31
                0x00000000080011cc       0x28 Core/Src/Device.o
 .text.LL_SPI_IsActiveFlag_BSY
                0x00000000080011f4       0x26 Core/Src/Device.o
 .text.LL_SPI_TransmitData8
                0x000000000800121a       0x24 Core/Src/Device.o
 .text.LL_GPIO_SetOutputPin
                0x000000000800123e       0x1c Core/Src/Device.o
 .text.LL_GPIO_ResetOutputPin
                0x000000000800125a       0x1c Core/Src/Device.o
 *fill*         0x0000000008001276        0x2 
 .text.POWER_DA_CONTROL_A
                0x0000000008001278       0x6c Core/Src/Device.o
                0x0000000008001278                POWER_DA_CONTROL_A
 .text.POWER_DA_CONTROL_B
                0x00000000080012e4       0x6c Core/Src/Device.o
                0x00000000080012e4                POWER_DA_CONTROL_B
 .text.Q_change_A
                0x0000000008001350       0x80 Core/Src/Device.o
                0x0000000008001350                Q_change_A
 .text.Ready_A_Start
                0x00000000080013d0        0xe Core/Src/Device.o
                0x00000000080013d0                Ready_A_Start
 *fill*         0x00000000080013de        0x2 
 .text.Ready_A_Stop
                0x00000000080013e0       0x1c Core/Src/Device.o
                0x00000000080013e0                Ready_A_Stop
 .text.Q_change_B
                0x00000000080013fc       0x80 Core/Src/Device.o
                0x00000000080013fc                Q_change_B
 .text.Ready_B_Start
                0x000000000800147c        0xe Core/Src/Device.o
                0x000000000800147c                Ready_B_Start
 *fill*         0x000000000800148a        0x2 
 .text.Ready_B_Stop
                0x000000000800148c       0x1c Core/Src/Device.o
                0x000000000800148c                Ready_B_Stop
 .text.LL_GPIO_IsInputPinSet
                0x00000000080014a8       0x2a Core/Src/Interrupt.o
 .text.LL_GPIO_SetOutputPin
                0x00000000080014d2       0x1c Core/Src/Interrupt.o
 .text.LL_GPIO_ResetOutputPin
                0x00000000080014ee       0x1c Core/Src/Interrupt.o
 *fill*         0x000000000800150a        0x2 
 .text.HAL_TIM_PeriodElapsedCallback
                0x000000000800150c      0xdec Core/Src/Interrupt.o
                0x000000000800150c                HAL_TIM_PeriodElapsedCallback
 .text.HAL_IncTick
                0x00000000080022f8      0x368 Core/Src/Interrupt.o
                0x00000000080022f8                HAL_IncTick
 .text.LL_DMA_EnableChannel
                0x0000000008002660       0x44 Core/Src/Serial.o
 .text.LL_DMA_DisableChannel
                0x00000000080026a4       0x44 Core/Src/Serial.o
 .text.LL_DMA_SetDataLength
                0x00000000080026e8       0x4c Core/Src/Serial.o
 .text.LL_USART_EnableDMAReq_TX
                0x0000000008002734       0x20 Core/Src/Serial.o
 .text.LL_USART_TransmitData8
                0x0000000008002754       0x1e Core/Src/Serial.o
 .text.LL_GPIO_IsInputPinSet
                0x0000000008002772       0x2a Core/Src/Serial.o
 .text.LL_GPIO_SetOutputPin
                0x000000000800279c       0x1c Core/Src/Serial.o
 .text.LL_GPIO_ResetOutputPin
                0x00000000080027b8       0x1c Core/Src/Serial.o
 .text.BCC_chk  0x00000000080027d4       0x40 Core/Src/Serial.o
                0x00000000080027d4                BCC_chk
 .text.SEND_RESPONSE
                0x0000000008002814       0x3c Core/Src/Serial.o
                0x0000000008002814                SEND_RESPONSE
 .text.DMA1_Channel2_TransmitCplt_Callback
                0x0000000008002850       0x3c Core/Src/Serial.o
                0x0000000008002850                DMA1_Channel2_TransmitCplt_Callback
 .text.DLE_encryption1
                0x000000000800288c       0xb0 Core/Src/Serial.o
                0x000000000800288c                DLE_encryption1
 .text.SEND_1BYTE
                0x000000000800293c      0x134 Core/Src/Serial.o
                0x000000000800293c                SEND_1BYTE
 .text.SEND_MEMREPLY
                0x0000000008002a70      0x15c Core/Src/Serial.o
                0x0000000008002a70                SEND_MEMREPLY
 .text.SEND_MEMREAD
                0x0000000008002bcc      0x1d8 Core/Src/Serial.o
                0x0000000008002bcc                SEND_MEMREAD
 .text.SEND_TEMP
                0x0000000008002da4      0x1ac Core/Src/Serial.o
                0x0000000008002da4                SEND_TEMP
 .text.SEND_HALL
                0x0000000008002f50      0x194 Core/Src/Serial.o
                0x0000000008002f50                SEND_HALL
 .text.SEND_VERSION
                0x00000000080030e4      0x1d4 Core/Src/Serial.o
                0x00000000080030e4                SEND_VERSION
 .text.SEND_STATUS
                0x00000000080032b8      0x17c Core/Src/Serial.o
                0x00000000080032b8                SEND_STATUS
 .text.SEND_ERROR
                0x0000000008003434      0x17c Core/Src/Serial.o
                0x0000000008003434                SEND_ERROR
 .text.DMA1_Channel1_ReceiveCplt_Callback
                0x00000000080035b0      0x13c Core/Src/Serial.o
                0x00000000080035b0                DMA1_Channel1_ReceiveCplt_Callback
 .text.CHK_CMD  0x00000000080036ec     0x1254 Core/Src/Serial.o
                0x00000000080036ec                CHK_CMD
 .text._send_response3
                0x0000000008004940       0x3c Core/Src/Serial.o
                0x0000000008004940                _send_response3
 .text.DMA1_Channel4_TransmitCplt_Callback
                0x000000000800497c       0x3c Core/Src/Serial.o
                0x000000000800497c                DMA1_Channel4_TransmitCplt_Callback
 .text.DLE_encryption3
                0x00000000080049b8       0xb0 Core/Src/Serial.o
                0x00000000080049b8                DLE_encryption3
 .text._send_cmd3
                0x0000000008004a68       0xec Core/Src/Serial.o
                0x0000000008004a68                _send_cmd3
 .text.DMA1_Channel3_ReceiveCplt_Callback
                0x0000000008004b54      0x13c Core/Src/Serial.o
                0x0000000008004b54                DMA1_Channel3_ReceiveCplt_Callback
 .text._chk_cmd3
                0x0000000008004c90       0x64 Core/Src/Serial.o
                0x0000000008004c90                _chk_cmd3
 .text._send_response5
                0x0000000008004cf4       0x3c Core/Src/Serial.o
                0x0000000008004cf4                _send_response5
 .text.DMA1_Channel6_TransmitCplt_Callback
                0x0000000008004d30       0x3c Core/Src/Serial.o
                0x0000000008004d30                DMA1_Channel6_TransmitCplt_Callback
 .text.DLE_encryption5
                0x0000000008004d6c       0xb0 Core/Src/Serial.o
                0x0000000008004d6c                DLE_encryption5
 .text._send_cmd5
                0x0000000008004e1c       0xec Core/Src/Serial.o
                0x0000000008004e1c                _send_cmd5
 .text.DMA1_Channel5_ReceiveCplt_Callback
                0x0000000008004f08      0x13c Core/Src/Serial.o
                0x0000000008004f08                DMA1_Channel5_ReceiveCplt_Callback
 .text._chk_cmd5
                0x0000000008005044       0x64 Core/Src/Serial.o
                0x0000000008005044                _chk_cmd5
 .text.KeyExpansion
                0x00000000080050a8      0x1a8 Core/Src/aes.o
 .text.AES_init_ctx_iv
                0x0000000008005250       0x2c Core/Src/aes.o
                0x0000000008005250                AES_init_ctx_iv
 .text.AddRoundKey
                0x000000000800527c       0x76 Core/Src/aes.o
 .text.AddRoundKeyEx
                0x00000000080052f2       0x78 Core/Src/aes.o
 *fill*         0x000000000800536a        0x2 
 .text.SubBytes
                0x000000000800536c       0x60 Core/Src/aes.o
 .text.ShiftRows
                0x00000000080053cc       0x84 Core/Src/aes.o
 .text.xtime    0x0000000008005450       0x3c Core/Src/aes.o
 .text.MixColumns
                0x000000000800548c      0x168 Core/Src/aes.o
 .text.InvMixColumns
                0x00000000080055f4      0x696 Core/Src/aes.o
 *fill*         0x0000000008005c8a        0x2 
 .text.InvSubBytes
                0x0000000008005c8c       0x60 Core/Src/aes.o
 .text.InvShiftRows
                0x0000000008005cec       0x84 Core/Src/aes.o
 .text.CipherEx
                0x0000000008005d70       0x6a Core/Src/aes.o
 .text.InvCipher
                0x0000000008005dda       0x66 Core/Src/aes.o
 .text.XorWithIv
                0x0000000008005e40       0x44 Core/Src/aes.o
 .text.AES_CBC_encrypt_bufferEx
                0x0000000008005e84       0x62 Core/Src/aes.o
                0x0000000008005e84                AES_CBC_encrypt_bufferEx
 .text.AES_CBC_decrypt_buffer
                0x0000000008005ee6       0x68 Core/Src/aes.o
                0x0000000008005ee6                AES_CBC_decrypt_buffer
 *fill*         0x0000000008005f4e        0x2 
 .text.__NVIC_GetPriorityGrouping
                0x0000000008005f50       0x1c Core/Src/main.o
 .text.__NVIC_EnableIRQ
                0x0000000008005f6c       0x3c Core/Src/main.o
 .text.__NVIC_SetPriority
                0x0000000008005fa8       0x54 Core/Src/main.o
 .text.NVIC_EncodePriority
                0x0000000008005ffc       0x66 Core/Src/main.o
 *fill*         0x0000000008006062        0x2 
 .text.LL_ADC_DMA_GetRegAddr
                0x0000000008006064       0x4c Core/Src/main.o
 .text.LL_ADC_SetGainCompensation
                0x00000000080060b0       0x4a Core/Src/main.o
 .text.LL_ADC_REG_SetTriggerEdge
                0x00000000080060fa       0x26 Core/Src/main.o
 .text.LL_ADC_REG_SetSequencerRanks
                0x0000000008006120       0x58 Core/Src/main.o
 .text.LL_ADC_SetChannelSamplingTime
                0x0000000008006178       0x56 Core/Src/main.o
 *fill*         0x00000000080061ce        0x2 
 .text.LL_ADC_SetChannelSingleDiff
                0x00000000080061d0       0x48 Core/Src/main.o
 .text.LL_ADC_SetOverSamplingScope
                0x0000000008006218       0x2a Core/Src/main.o
 .text.LL_ADC_SetOverSamplingDiscont
                0x0000000008006242       0x26 Core/Src/main.o
 .text.LL_ADC_ConfigOverSamplingRatioShift
                0x0000000008006268       0x2c Core/Src/main.o
 .text.LL_ADC_DisableDeepPowerDown
                0x0000000008006294       0x24 Core/Src/main.o
 .text.LL_ADC_EnableInternalRegulator
                0x00000000080062b8       0x28 Core/Src/main.o
 .text.LL_ADC_Enable
                0x00000000080062e0       0x28 Core/Src/main.o
 .text.LL_ADC_IsEnabled
                0x0000000008006308       0x26 Core/Src/main.o
 .text.LL_ADC_IsDisableOngoing
                0x000000000800632e       0x26 Core/Src/main.o
 .text.LL_ADC_StartCalibration
                0x0000000008006354       0x32 Core/Src/main.o
 .text.LL_ADC_IsCalibrationOnGoing
                0x0000000008006386       0x28 Core/Src/main.o
 .text.LL_ADC_REG_StartConversion
                0x00000000080063ae       0x28 Core/Src/main.o
 .text.LL_ADC_REG_StopConversion
                0x00000000080063d6       0x28 Core/Src/main.o
 .text.LL_ADC_REG_IsConversionOngoing
                0x00000000080063fe       0x26 Core/Src/main.o
 .text.LL_ADC_REG_ReadConversionData12
                0x0000000008006424       0x1a Core/Src/main.o
 .text.LL_ADC_IsActiveFlag_ADRDY
                0x000000000800643e       0x26 Core/Src/main.o
 .text.LL_ADC_EnableIT_EOC
                0x0000000008006464       0x20 Core/Src/main.o
 .text.LL_ADC_EnableIT_OVR
                0x0000000008006484       0x20 Core/Src/main.o
 .text.LL_ADC_DisableIT_EOS
                0x00000000080064a4       0x20 Core/Src/main.o
 .text.LL_ADC_DisableIT_OVR
                0x00000000080064c4       0x20 Core/Src/main.o
 .text.LL_DMA_EnableChannel
                0x00000000080064e4       0x44 Core/Src/main.o
 .text.LL_DMA_DisableChannel
                0x0000000008006528       0x44 Core/Src/main.o
 .text.LL_DMA_SetDataTransferDirection
                0x000000000800656c       0x50 Core/Src/main.o
 .text.LL_DMA_GetDataTransferDirection
                0x00000000080065bc       0x34 Core/Src/main.o
 .text.LL_DMA_SetMode
                0x00000000080065f0       0x4c Core/Src/main.o
 .text.LL_DMA_SetPeriphIncMode
                0x000000000800663c       0x4c Core/Src/main.o
 .text.LL_DMA_SetMemoryIncMode
                0x0000000008006688       0x4c Core/Src/main.o
 .text.LL_DMA_SetPeriphSize
                0x00000000080066d4       0x4c Core/Src/main.o
 .text.LL_DMA_SetMemorySize
                0x0000000008006720       0x4c Core/Src/main.o
 .text.LL_DMA_SetChannelPriorityLevel
                0x000000000800676c       0x4c Core/Src/main.o
 .text.LL_DMA_SetDataLength
                0x00000000080067b8       0x4c Core/Src/main.o
 .text.LL_DMA_ConfigAddresses
                0x0000000008006804       0x7c Core/Src/main.o
 .text.LL_DMA_SetPeriphRequest
                0x0000000008006880       0x54 Core/Src/main.o
 .text.LL_DMA_IsActiveFlag_TE1
                0x00000000080068d4       0x26 Core/Src/main.o
 .text.LL_DMA_IsActiveFlag_TE2
                0x00000000080068fa       0x26 Core/Src/main.o
 .text.LL_DMA_IsActiveFlag_TE3
                0x0000000008006920       0x28 Core/Src/main.o
 .text.LL_DMA_IsActiveFlag_TE4
                0x0000000008006948       0x28 Core/Src/main.o
 .text.LL_DMA_IsActiveFlag_TE5
                0x0000000008006970       0x28 Core/Src/main.o
 .text.LL_DMA_IsActiveFlag_TE6
                0x0000000008006998       0x28 Core/Src/main.o
 .text.LL_DMA_EnableIT_TC
                0x00000000080069c0       0x44 Core/Src/main.o
 .text.LL_DMA_EnableIT_TE
                0x0000000008006a04       0x44 Core/Src/main.o
 .text.LL_RCC_HSE_Enable
                0x0000000008006a48       0x20 Core/Src/main.o
 .text.LL_RCC_HSE_IsReady
                0x0000000008006a68       0x28 Core/Src/main.o
 .text.LL_RCC_SetSysClkSource
                0x0000000008006a90       0x28 Core/Src/main.o
 .text.LL_RCC_GetSysClkSource
                0x0000000008006ab8       0x1c Core/Src/main.o
 .text.LL_RCC_SetAHBPrescaler
                0x0000000008006ad4       0x28 Core/Src/main.o
 .text.LL_RCC_SetAPB1Prescaler
                0x0000000008006afc       0x28 Core/Src/main.o
 .text.LL_RCC_SetAPB2Prescaler
                0x0000000008006b24       0x28 Core/Src/main.o
 .text.LL_RCC_SetUSARTClockSource
                0x0000000008006b4c       0x34 Core/Src/main.o
 .text.LL_RCC_SetUARTClockSource
                0x0000000008006b80       0x34 Core/Src/main.o
 .text.LL_RCC_SetLPUARTClockSource
                0x0000000008006bb4       0x2c Core/Src/main.o
 .text.LL_RCC_SetI2CClockSource
                0x0000000008006be0       0x50 Core/Src/main.o
 .text.LL_RCC_SetADCClockSource
                0x0000000008006c30       0x48 Core/Src/main.o
 .text.LL_RCC_PLL_Enable
                0x0000000008006c78       0x20 Core/Src/main.o
 .text.LL_RCC_PLL_IsReady
                0x0000000008006c98       0x28 Core/Src/main.o
 .text.LL_RCC_PLL_ConfigDomain_SYS
                0x0000000008006cc0       0x40 Core/Src/main.o
 .text.LL_RCC_PLL_EnableDomain_SYS
                0x0000000008006d00       0x20 Core/Src/main.o
 .text.LL_AHB1_GRP1_EnableClock
                0x0000000008006d20       0x30 Core/Src/main.o
 .text.LL_AHB2_GRP1_EnableClock
                0x0000000008006d50       0x30 Core/Src/main.o
 .text.LL_APB1_GRP1_EnableClock
                0x0000000008006d80       0x30 Core/Src/main.o
 .text.LL_APB2_GRP1_EnableClock
                0x0000000008006db0       0x30 Core/Src/main.o
 .text.LL_SYSCFG_SetEXTISource
                0x0000000008006de0       0x70 Core/Src/main.o
 .text.LL_FLASH_SetLatency
                0x0000000008006e50       0x28 Core/Src/main.o
 .text.LL_FLASH_GetLatency
                0x0000000008006e78       0x1c Core/Src/main.o
 .text.LL_PWR_EnableRange1BoostMode
                0x0000000008006e94       0x24 Core/Src/main.o
 .text.LL_SPI_Enable
                0x0000000008006eb8       0x20 Core/Src/main.o
 .text.LL_SPI_SetStandard
                0x0000000008006ed8       0x26 Core/Src/main.o
 .text.LL_SPI_EnableNSSPulseMgt
                0x0000000008006efe       0x20 Core/Src/main.o
 .text.LL_USART_Enable
                0x0000000008006f1e       0x20 Core/Src/main.o
 .text.LL_USART_DisableFIFO
                0x0000000008006f3e       0x20 Core/Src/main.o
 .text.LL_USART_SetTXFIFOThreshold
                0x0000000008006f5e       0x28 Core/Src/main.o
 .text.LL_USART_SetRXFIFOThreshold
                0x0000000008006f86       0x28 Core/Src/main.o
 .text.LL_USART_ConfigAsyncMode
                0x0000000008006fae       0x2c Core/Src/main.o
 .text.LL_USART_IsActiveFlag_TEACK
                0x0000000008006fda       0x28 Core/Src/main.o
 .text.LL_USART_IsActiveFlag_REACK
                0x0000000008007002       0x28 Core/Src/main.o
 .text.LL_USART_EnableDMAReq_RX
                0x000000000800702a       0x20 Core/Src/main.o
 .text.LL_USART_DMA_GetRegAddr
                0x000000000800704a       0x2c Core/Src/main.o
 .text.LL_USART_TransmitData8
                0x0000000008007076       0x1e Core/Src/main.o
 .text.LL_GPIO_SetPinMode
                0x0000000008007094       0x7a Core/Src/main.o
 .text.LL_GPIO_SetPinPull
                0x000000000800710e       0x7a Core/Src/main.o
 .text.LL_GPIO_IsInputPinSet
                0x0000000008007188       0x2a Core/Src/main.o
 .text.LL_GPIO_SetOutputPin
                0x00000000080071b2       0x1c Core/Src/main.o
 .text.LL_GPIO_ResetOutputPin
                0x00000000080071ce       0x1c Core/Src/main.o
 .text.LL_GPIO_TogglePin
                0x00000000080071ea       0x32 Core/Src/main.o
 .text.byte2int
                0x000000000800721c       0x34 Core/Src/main.o
                0x000000000800721c                byte2int
 .text.compare  0x0000000008007250       0x3a Core/Src/main.o
 *fill*         0x000000000800728a        0x2 
 .text.value_init
                0x000000000800728c      0x418 Core/Src/main.o
                0x000000000800728c                value_init
 .text.AP_A_FAN_ON
                0x00000000080076a4       0x1c Core/Src/main.o
                0x00000000080076a4                AP_A_FAN_ON
 .text.AP_A_FAN_OFF
                0x00000000080076c0       0x30 Core/Src/main.o
                0x00000000080076c0                AP_A_FAN_OFF
 .text.AP_B_FAN_ON
                0x00000000080076f0       0x20 Core/Src/main.o
                0x00000000080076f0                AP_B_FAN_ON
 .text.AP_B_FAN_OFF
                0x0000000008007710       0x34 Core/Src/main.o
                0x0000000008007710                AP_B_FAN_OFF
 .text.RunToStopA
                0x0000000008007744       0xc8 Core/Src/main.o
                0x0000000008007744                RunToStopA
 .text.RunToStopB
                0x000000000800780c       0xc8 Core/Src/main.o
                0x000000000800780c                RunToStopB
 .text.RunToStopVal
                0x00000000080078d4       0x74 Core/Src/main.o
                0x00000000080078d4                RunToStopVal
 .text.RunToPause
                0x0000000008007948      0x1a8 Core/Src/main.o
                0x0000000008007948                RunToPause
 .text.RunToRest
                0x0000000008007af0      0x1e0 Core/Src/main.o
                0x0000000008007af0                RunToRest
 .text.System_Off
                0x0000000008007cd0      0x15c Core/Src/main.o
                0x0000000008007cd0                System_Off
 .text.Pwr_Btn_Check
                0x0000000008007e2c      0x100 Core/Src/main.o
                0x0000000008007e2c                Pwr_Btn_Check
 .text.Status_Check
                0x0000000008007f2c      0x248 Core/Src/main.o
                0x0000000008007f2c                Status_Check
 .text.Error_Check
                0x0000000008008174      0x174 Core/Src/main.o
                0x0000000008008174                Error_Check
 .text.Error_Sound_cnt
                0x00000000080082e8       0x18 Core/Src/main.o
                0x00000000080082e8                Error_Sound_cnt
 .text.Encoder_Check
                0x0000000008008300      0x12c Core/Src/main.o
                0x0000000008008300                Encoder_Check
 .text.main     0x000000000800842c     0x1800 Core/Src/main.o
                0x000000000800842c                main
 .text.SystemClock_Config
                0x0000000008009c2c      0x10c Core/Src/main.o
                0x0000000008009c2c                SystemClock_Config
 .text.MX_ADC1_Init
                0x0000000008009d38      0x1f4 Core/Src/main.o
 .text.MX_ADC2_Init
                0x0000000008009f2c      0x228 Core/Src/main.o
 .text.MX_ADC3_Init
                0x000000000800a154      0x180 Core/Src/main.o
 .text.MX_ADC5_Init
                0x000000000800a2d4      0x124 Core/Src/main.o
 .text.MX_I2C3_Init
                0x000000000800a3f8       0x80 Core/Src/main.o
 .text.MX_LPUART1_UART_Init
                0x000000000800a478       0x94 Core/Src/main.o
 .text.MX_UART4_Init
                0x000000000800a50c       0xb0 Core/Src/main.o
 .text.MX_UART5_Init
                0x000000000800a5bc      0x224 Core/Src/main.o
 .text.MX_USART1_UART_Init
                0x000000000800a7e0      0x224 Core/Src/main.o
 .text.MX_USART2_UART_Init
                0x000000000800aa04       0xf0 Core/Src/main.o
 .text.MX_USART3_UART_Init
                0x000000000800aaf4      0x220 Core/Src/main.o
 .text.MX_SPI1_Init
                0x000000000800ad14       0xd4 Core/Src/main.o
 .text.MX_TIM1_Init
                0x000000000800ade8      0x164 Core/Src/main.o
 .text.MX_TIM2_Init
                0x000000000800af4c       0xec Core/Src/main.o
 .text.MX_TIM3_Init
                0x000000000800b038       0xa8 Core/Src/main.o
 .text.MX_TIM6_Init
                0x000000000800b0e0       0x74 Core/Src/main.o
 .text.MX_TIM7_Init
                0x000000000800b154       0x78 Core/Src/main.o
 .text.MX_TIM8_Init
                0x000000000800b1cc      0x164 Core/Src/main.o
 .text.MX_DMA_Init
                0x000000000800b330       0xfa Core/Src/main.o
 *fill*         0x000000000800b42a        0x2 
 .text.MX_GPIO_Init
                0x000000000800b42c      0x99c Core/Src/main.o
 .text.Activate_ADC
                0x000000000800bdc8      0x1c0 Core/Src/main.o
                0x000000000800bdc8                Activate_ADC
 .text.DMA2_Channel1_ConvCplt_Callback
                0x000000000800bf88      0x174 Core/Src/main.o
                0x000000000800bf88                DMA2_Channel1_ConvCplt_Callback
 .text.AdcGrpRegularUnitaryConvComplete_Callback1
                0x000000000800c0fc       0x78 Core/Src/main.o
                0x000000000800c0fc                AdcGrpRegularUnitaryConvComplete_Callback1
 .text.AdcGrpRegularUnitaryConvComplete_Callback5
                0x000000000800c174       0xcc Core/Src/main.o
                0x000000000800c174                AdcGrpRegularUnitaryConvComplete_Callback5
 .text.AdcGrpRegularOverrunError_Callback1
                0x000000000800c240       0x2c Core/Src/main.o
                0x000000000800c240                AdcGrpRegularOverrunError_Callback1
 .text.AdcGrpRegularOverrunError_Callback5
                0x000000000800c26c       0x2c Core/Src/main.o
                0x000000000800c26c                AdcGrpRegularOverrunError_Callback5
 .text.ADC2_TransferError_Callback
                0x000000000800c298       0x24 Core/Src/main.o
                0x000000000800c298                ADC2_TransferError_Callback
 .text.QR_Pulse_A_Callback
                0x000000000800c2bc      0x29c Core/Src/main.o
                0x000000000800c2bc                QR_Pulse_A_Callback
 .text.QR_Pulse_B_Callback
                0x000000000800c558      0x298 Core/Src/main.o
                0x000000000800c558                QR_Pulse_B_Callback
 .text.Patient_SW_Callback
                0x000000000800c7f0       0x10 Core/Src/main.o
                0x000000000800c7f0                Patient_SW_Callback
 .text.__io_putchar
                0x000000000800c800       0x24 Core/Src/main.o
                0x000000000800c800                __io_putchar
 .text.HAL_UART_RxCpltCallback
                0x000000000800c824      0x174 Core/Src/main.o
                0x000000000800c824                HAL_UART_RxCpltCallback
 .text.USART1_TransferError_Callback
                0x000000000800c998       0x5c Core/Src/main.o
                0x000000000800c998                USART1_TransferError_Callback
 .text.USART3_TransferError_Callback
                0x000000000800c9f4       0x5c Core/Src/main.o
                0x000000000800c9f4                USART3_TransferError_Callback
 .text.UART5_TransferError_Callback
                0x000000000800ca50       0x5c Core/Src/main.o
                0x000000000800ca50                UART5_TransferError_Callback
 .text.Error_Handler
                0x000000000800caac        0xe Core/Src/main.o
                0x000000000800caac                Error_Handler
 *fill*         0x000000000800caba        0x2 
 .text.HAL_MspInit
                0x000000000800cabc       0x4c Core/Src/stm32g4xx_hal_msp.o
                0x000000000800cabc                HAL_MspInit
 .text.HAL_ADC_MspInit
                0x000000000800cb08       0x60 Core/Src/stm32g4xx_hal_msp.o
                0x000000000800cb08                HAL_ADC_MspInit
 .text.HAL_I2C_MspInit
                0x000000000800cb68       0x88 Core/Src/stm32g4xx_hal_msp.o
                0x000000000800cb68                HAL_I2C_MspInit
 .text.HAL_UART_MspInit
                0x000000000800cbf0      0x130 Core/Src/stm32g4xx_hal_msp.o
                0x000000000800cbf0                HAL_UART_MspInit
 .text.HAL_TIM_PWM_MspInit
                0x000000000800cd20       0x8c Core/Src/stm32g4xx_hal_msp.o
                0x000000000800cd20                HAL_TIM_PWM_MspInit
 .text.HAL_TIM_Base_MspInit
                0x000000000800cdac       0x9c Core/Src/stm32g4xx_hal_msp.o
                0x000000000800cdac                HAL_TIM_Base_MspInit
 .text.HAL_TIM_MspPostInit
                0x000000000800ce48      0x104 Core/Src/stm32g4xx_hal_msp.o
                0x000000000800ce48                HAL_TIM_MspPostInit
 .text.LL_ADC_IsActiveFlag_EOC
                0x000000000800cf4c       0x26 Core/Src/stm32g4xx_it.o
 .text.LL_ADC_IsActiveFlag_OVR
                0x000000000800cf72       0x26 Core/Src/stm32g4xx_it.o
 .text.LL_ADC_ClearFlag_EOC
                0x000000000800cf98       0x1a Core/Src/stm32g4xx_it.o
 .text.LL_ADC_ClearFlag_OVR
                0x000000000800cfb2       0x1a Core/Src/stm32g4xx_it.o
 .text.LL_DMA_IsActiveFlag_TC1
                0x000000000800cfcc       0x26 Core/Src/stm32g4xx_it.o
 .text.LL_DMA_IsActiveFlag_TC2
                0x000000000800cff2       0x26 Core/Src/stm32g4xx_it.o
 .text.LL_DMA_IsActiveFlag_TC3
                0x000000000800d018       0x28 Core/Src/stm32g4xx_it.o
 .text.LL_DMA_IsActiveFlag_TC4
                0x000000000800d040       0x28 Core/Src/stm32g4xx_it.o
 .text.LL_DMA_IsActiveFlag_TC5
                0x000000000800d068       0x28 Core/Src/stm32g4xx_it.o
 .text.LL_DMA_IsActiveFlag_TC6
                0x000000000800d090       0x28 Core/Src/stm32g4xx_it.o
 .text.LL_DMA_IsActiveFlag_TE1
                0x000000000800d0b8       0x26 Core/Src/stm32g4xx_it.o
 .text.LL_DMA_IsActiveFlag_TE2
                0x000000000800d0de       0x26 Core/Src/stm32g4xx_it.o
 .text.LL_DMA_IsActiveFlag_TE3
                0x000000000800d104       0x28 Core/Src/stm32g4xx_it.o
 .text.LL_DMA_IsActiveFlag_TE4
                0x000000000800d12c       0x28 Core/Src/stm32g4xx_it.o
 .text.LL_DMA_IsActiveFlag_TE5
                0x000000000800d154       0x28 Core/Src/stm32g4xx_it.o
 .text.LL_DMA_IsActiveFlag_TE6
                0x000000000800d17c       0x28 Core/Src/stm32g4xx_it.o
 .text.LL_DMA_ClearFlag_GI1
                0x000000000800d1a4       0x1a Core/Src/stm32g4xx_it.o
 .text.LL_DMA_ClearFlag_GI2
                0x000000000800d1be       0x1a Core/Src/stm32g4xx_it.o
 .text.LL_DMA_ClearFlag_GI3
                0x000000000800d1d8       0x1c Core/Src/stm32g4xx_it.o
 .text.LL_DMA_ClearFlag_GI4
                0x000000000800d1f4       0x1c Core/Src/stm32g4xx_it.o
 .text.LL_DMA_ClearFlag_GI5
                0x000000000800d210       0x1c Core/Src/stm32g4xx_it.o
 .text.LL_DMA_ClearFlag_GI6
                0x000000000800d22c       0x1c Core/Src/stm32g4xx_it.o
 .text.LL_EXTI_IsActiveFlag_0_31
                0x000000000800d248       0x2c Core/Src/stm32g4xx_it.o
 .text.LL_EXTI_ClearFlag_0_31
                0x000000000800d274       0x20 Core/Src/stm32g4xx_it.o
 .text.NMI_Handler
                0x000000000800d294        0xe Core/Src/stm32g4xx_it.o
                0x000000000800d294                NMI_Handler
 .text.HardFault_Handler
                0x000000000800d2a2        0x6 Core/Src/stm32g4xx_it.o
                0x000000000800d2a2                HardFault_Handler
 .text.MemManage_Handler
                0x000000000800d2a8        0x6 Core/Src/stm32g4xx_it.o
                0x000000000800d2a8                MemManage_Handler
 .text.BusFault_Handler
                0x000000000800d2ae        0x6 Core/Src/stm32g4xx_it.o
                0x000000000800d2ae                BusFault_Handler
 .text.UsageFault_Handler
                0x000000000800d2b4        0x6 Core/Src/stm32g4xx_it.o
                0x000000000800d2b4                UsageFault_Handler
 .text.SVC_Handler
                0x000000000800d2ba        0xe Core/Src/stm32g4xx_it.o
                0x000000000800d2ba                SVC_Handler
 .text.DebugMon_Handler
                0x000000000800d2c8        0xe Core/Src/stm32g4xx_it.o
                0x000000000800d2c8                DebugMon_Handler
 .text.PendSV_Handler
                0x000000000800d2d6        0xe Core/Src/stm32g4xx_it.o
                0x000000000800d2d6                PendSV_Handler
 .text.SysTick_Handler
                0x000000000800d2e4        0xc Core/Src/stm32g4xx_it.o
                0x000000000800d2e4                SysTick_Handler
 .text.EXTI0_IRQHandler
                0x000000000800d2f0       0x1e Core/Src/stm32g4xx_it.o
                0x000000000800d2f0                EXTI0_IRQHandler
 .text.EXTI1_IRQHandler
                0x000000000800d30e       0x1e Core/Src/stm32g4xx_it.o
                0x000000000800d30e                EXTI1_IRQHandler
 .text.EXTI2_IRQHandler
                0x000000000800d32c       0x1e Core/Src/stm32g4xx_it.o
                0x000000000800d32c                EXTI2_IRQHandler
 *fill*         0x000000000800d34a        0x2 
 .text.DMA1_Channel1_IRQHandler
                0x000000000800d34c       0x34 Core/Src/stm32g4xx_it.o
                0x000000000800d34c                DMA1_Channel1_IRQHandler
 .text.DMA1_Channel2_IRQHandler
                0x000000000800d380       0x34 Core/Src/stm32g4xx_it.o
                0x000000000800d380                DMA1_Channel2_IRQHandler
 .text.DMA1_Channel3_IRQHandler
                0x000000000800d3b4       0x34 Core/Src/stm32g4xx_it.o
                0x000000000800d3b4                DMA1_Channel3_IRQHandler
 .text.DMA1_Channel4_IRQHandler
                0x000000000800d3e8       0x34 Core/Src/stm32g4xx_it.o
                0x000000000800d3e8                DMA1_Channel4_IRQHandler
 .text.DMA1_Channel5_IRQHandler
                0x000000000800d41c       0x34 Core/Src/stm32g4xx_it.o
                0x000000000800d41c                DMA1_Channel5_IRQHandler
 .text.DMA1_Channel6_IRQHandler
                0x000000000800d450       0x34 Core/Src/stm32g4xx_it.o
                0x000000000800d450                DMA1_Channel6_IRQHandler
 .text.ADC1_2_IRQHandler
                0x000000000800d484       0x3c Core/Src/stm32g4xx_it.o
                0x000000000800d484                ADC1_2_IRQHandler
 .text.UART4_IRQHandler
                0x000000000800d4c0       0x14 Core/Src/stm32g4xx_it.o
                0x000000000800d4c0                UART4_IRQHandler
 .text.TIM6_DAC_IRQHandler
                0x000000000800d4d4       0x14 Core/Src/stm32g4xx_it.o
                0x000000000800d4d4                TIM6_DAC_IRQHandler
 .text.DMA2_Channel1_IRQHandler
                0x000000000800d4e8       0x34 Core/Src/stm32g4xx_it.o
                0x000000000800d4e8                DMA2_Channel1_IRQHandler
 .text.ADC5_IRQHandler
                0x000000000800d51c       0x3c Core/Src/stm32g4xx_it.o
                0x000000000800d51c                ADC5_IRQHandler
 .text.LPUART1_IRQHandler
                0x000000000800d558       0x14 Core/Src/stm32g4xx_it.o
                0x000000000800d558                LPUART1_IRQHandler
 .text._read    0x000000000800d56c       0x3a Core/Src/syscalls.o
                0x000000000800d56c                _read
 .text._write   0x000000000800d5a6       0x38 Core/Src/syscalls.o
                0x000000000800d5a6                _write
 .text._close   0x000000000800d5de       0x18 Core/Src/syscalls.o
                0x000000000800d5de                _close
 .text._fstat   0x000000000800d5f6       0x20 Core/Src/syscalls.o
                0x000000000800d5f6                _fstat
 .text._isatty  0x000000000800d616       0x16 Core/Src/syscalls.o
                0x000000000800d616                _isatty
 .text._lseek   0x000000000800d62c       0x1a Core/Src/syscalls.o
                0x000000000800d62c                _lseek
 *fill*         0x000000000800d646        0x2 
 .text._sbrk    0x000000000800d648       0x58 Core/Src/sysmem.o
                0x000000000800d648                _sbrk
 .text.SystemInit
                0x000000000800d6a0       0x2c Core/Src/system_stm32g4xx.o
                0x000000000800d6a0                SystemInit
 .text.HAL_Init
                0x000000000800d6cc       0x30 Drivers/STM32G4xx_HAL_Driver/Src/stm32g4xx_hal.o
                0x000000000800d6cc                HAL_Init
 .text.HAL_InitTick
                0x000000000800d6fc       0x74 Drivers/STM32G4xx_HAL_Driver/Src/stm32g4xx_hal.o
                0x000000000800d6fc                HAL_InitTick
 .text.HAL_GetTick
                0x000000000800d770       0x18 Drivers/STM32G4xx_HAL_Driver/Src/stm32g4xx_hal.o
                0x000000000800d770                HAL_GetTick
 .text.LL_ADC_SetCommonClock
                0x000000000800d788       0x26 Drivers/STM32G4xx_HAL_Driver/Src/stm32g4xx_hal_adc.o
 .text.LL_ADC_SetCommonPathInternalCh
                0x000000000800d7ae       0x26 Drivers/STM32G4xx_HAL_Driver/Src/stm32g4xx_hal_adc.o
 .text.LL_ADC_GetCommonPathInternalCh
                0x000000000800d7d4       0x1c Drivers/STM32G4xx_HAL_Driver/Src/stm32g4xx_hal_adc.o
 .text.LL_ADC_SetOffset
                0x000000000800d7f0       0x48 Drivers/STM32G4xx_HAL_Driver/Src/stm32g4xx_hal_adc.o
 .text.LL_ADC_GetOffsetChannel
                0x000000000800d838       0x2c Drivers/STM32G4xx_HAL_Driver/Src/stm32g4xx_hal_adc.o
 .text.LL_ADC_SetOffsetState
                0x000000000800d864       0x36 Drivers/STM32G4xx_HAL_Driver/Src/stm32g4xx_hal_adc.o
 .text.LL_ADC_SetOffsetSign
                0x000000000800d89a       0x36 Drivers/STM32G4xx_HAL_Driver/Src/stm32g4xx_hal_adc.o
 .text.LL_ADC_SetOffsetSaturation
                0x000000000800d8d0       0x36 Drivers/STM32G4xx_HAL_Driver/Src/stm32g4xx_hal_adc.o
 .text.LL_ADC_SetSamplingTimeCommonConfig
                0x000000000800d906       0x26 Drivers/STM32G4xx_HAL_Driver/Src/stm32g4xx_hal_adc.o
 .text.LL_ADC_REG_SetSequencerRanks
                0x000000000800d92c       0x58 Drivers/STM32G4xx_HAL_Driver/Src/stm32g4xx_hal_adc.o
 .text.LL_ADC_SetChannelSamplingTime
                0x000000000800d984       0x56 Drivers/STM32G4xx_HAL_Driver/Src/stm32g4xx_hal_adc.o
 *fill*         0x000000000800d9da        0x2 
 .text.LL_ADC_SetChannelSingleDiff
                0x000000000800d9dc       0x48 Drivers/STM32G4xx_HAL_Driver/Src/stm32g4xx_hal_adc.o
 .text.LL_ADC_GetMultimode
                0x000000000800da24       0x1c Drivers/STM32G4xx_HAL_Driver/Src/stm32g4xx_hal_adc.o
 .text.LL_ADC_DisableDeepPowerDown
                0x000000000800da40       0x24 Drivers/STM32G4xx_HAL_Driver/Src/stm32g4xx_hal_adc.o
 .text.LL_ADC_IsDeepPowerDownEnabled
                0x000000000800da64       0x28 Drivers/STM32G4xx_HAL_Driver/Src/stm32g4xx_hal_adc.o
 .text.LL_ADC_EnableInternalRegulator
                0x000000000800da8c       0x28 Drivers/STM32G4xx_HAL_Driver/Src/stm32g4xx_hal_adc.o
 .text.LL_ADC_IsInternalRegulatorEnabled
                0x000000000800dab4       0x28 Drivers/STM32G4xx_HAL_Driver/Src/stm32g4xx_hal_adc.o
 .text.LL_ADC_Enable
                0x000000000800dadc       0x28 Drivers/STM32G4xx_HAL_Driver/Src/stm32g4xx_hal_adc.o
 .text.LL_ADC_IsEnabled
                0x000000000800db04       0x26 Drivers/STM32G4xx_HAL_Driver/Src/stm32g4xx_hal_adc.o
 .text.LL_ADC_REG_StartConversion
                0x000000000800db2a       0x28 Drivers/STM32G4xx_HAL_Driver/Src/stm32g4xx_hal_adc.o
 .text.LL_ADC_REG_IsConversionOngoing
                0x000000000800db52       0x26 Drivers/STM32G4xx_HAL_Driver/Src/stm32g4xx_hal_adc.o
 .text.LL_ADC_INJ_IsConversionOngoing
                0x000000000800db78       0x26 Drivers/STM32G4xx_HAL_Driver/Src/stm32g4xx_hal_adc.o
 *fill*         0x000000000800db9e        0x2 
 .text.HAL_ADC_Init
                0x000000000800dba0      0x380 Drivers/STM32G4xx_HAL_Driver/Src/stm32g4xx_hal_adc.o
                0x000000000800dba0                HAL_ADC_Init
 .text.HAL_ADC_Start
                0x000000000800df20      0x1c8 Drivers/STM32G4xx_HAL_Driver/Src/stm32g4xx_hal_adc.o
                0x000000000800df20                HAL_ADC_Start
 .text.HAL_ADC_ConfigChannel
                0x000000000800e0e8      0x87c Drivers/STM32G4xx_HAL_Driver/Src/stm32g4xx_hal_adc.o
                0x000000000800e0e8                HAL_ADC_ConfigChannel
 .text.ADC_Enable
                0x000000000800e964       0xb4 Drivers/STM32G4xx_HAL_Driver/Src/stm32g4xx_hal_adc.o
                0x000000000800e964                ADC_Enable
 .text.__NVIC_SetPriorityGrouping
                0x000000000800ea18       0x48 Drivers/STM32G4xx_HAL_Driver/Src/stm32g4xx_hal_cortex.o
 .text.__NVIC_GetPriorityGrouping
                0x000000000800ea60       0x1c Drivers/STM32G4xx_HAL_Driver/Src/stm32g4xx_hal_cortex.o
 .text.__NVIC_EnableIRQ
                0x000000000800ea7c       0x3c Drivers/STM32G4xx_HAL_Driver/Src/stm32g4xx_hal_cortex.o
 .text.__NVIC_SetPriority
                0x000000000800eab8       0x54 Drivers/STM32G4xx_HAL_Driver/Src/stm32g4xx_hal_cortex.o
 .text.NVIC_EncodePriority
                0x000000000800eb0c       0x66 Drivers/STM32G4xx_HAL_Driver/Src/stm32g4xx_hal_cortex.o
 *fill*         0x000000000800eb72        0x2 
 .text.SysTick_Config
                0x000000000800eb74       0x44 Drivers/STM32G4xx_HAL_Driver/Src/stm32g4xx_hal_cortex.o
 .text.HAL_NVIC_SetPriorityGrouping
                0x000000000800ebb8       0x16 Drivers/STM32G4xx_HAL_Driver/Src/stm32g4xx_hal_cortex.o
                0x000000000800ebb8                HAL_NVIC_SetPriorityGrouping
 .text.HAL_NVIC_SetPriority
                0x000000000800ebce       0x34 Drivers/STM32G4xx_HAL_Driver/Src/stm32g4xx_hal_cortex.o
                0x000000000800ebce                HAL_NVIC_SetPriority
 .text.HAL_NVIC_EnableIRQ
                0x000000000800ec02       0x1c Drivers/STM32G4xx_HAL_Driver/Src/stm32g4xx_hal_cortex.o
                0x000000000800ec02                HAL_NVIC_EnableIRQ
 .text.HAL_SYSTICK_Config
                0x000000000800ec1e       0x18 Drivers/STM32G4xx_HAL_Driver/Src/stm32g4xx_hal_cortex.o
                0x000000000800ec1e                HAL_SYSTICK_Config
 .text.HAL_DMA_Abort_IT
                0x000000000800ec36       0xce Drivers/STM32G4xx_HAL_Driver/Src/stm32g4xx_hal_dma.o
                0x000000000800ec36                HAL_DMA_Abort_IT
 .text.HAL_GPIO_Init
                0x000000000800ed04      0x304 Drivers/STM32G4xx_HAL_Driver/Src/stm32g4xx_hal_gpio.o
                0x000000000800ed04                HAL_GPIO_Init
 .text.HAL_GPIO_WritePin
                0x000000000800f008       0x30 Drivers/STM32G4xx_HAL_Driver/Src/stm32g4xx_hal_gpio.o
                0x000000000800f008                HAL_GPIO_WritePin
 .text.HAL_I2C_Init
                0x000000000800f038      0x11e Drivers/STM32G4xx_HAL_Driver/Src/stm32g4xx_hal_i2c.o
                0x000000000800f038                HAL_I2C_Init
 *fill*         0x000000000800f156        0x2 
 .text.HAL_I2C_Master_Transmit
                0x000000000800f158      0x1e8 Drivers/STM32G4xx_HAL_Driver/Src/stm32g4xx_hal_i2c.o
                0x000000000800f158                HAL_I2C_Master_Transmit
 .text.HAL_I2C_Master_Receive
                0x000000000800f340      0x1ec Drivers/STM32G4xx_HAL_Driver/Src/stm32g4xx_hal_i2c.o
                0x000000000800f340                HAL_I2C_Master_Receive
 .text.HAL_I2C_GetError
                0x000000000800f52c       0x18 Drivers/STM32G4xx_HAL_Driver/Src/stm32g4xx_hal_i2c.o
                0x000000000800f52c                HAL_I2C_GetError
 .text.I2C_Flush_TXDR
                0x000000000800f544       0x48 Drivers/STM32G4xx_HAL_Driver/Src/stm32g4xx_hal_i2c.o
 .text.I2C_WaitOnFlagUntilTimeout
                0x000000000800f58c       0x80 Drivers/STM32G4xx_HAL_Driver/Src/stm32g4xx_hal_i2c.o
 .text.I2C_WaitOnTXISFlagUntilTimeout
                0x000000000800f60c       0x80 Drivers/STM32G4xx_HAL_Driver/Src/stm32g4xx_hal_i2c.o
 .text.I2C_WaitOnSTOPFlagUntilTimeout
                0x000000000800f68c       0x78 Drivers/STM32G4xx_HAL_Driver/Src/stm32g4xx_hal_i2c.o
 .text.I2C_WaitOnRXNEFlagUntilTimeout
                0x000000000800f704       0xd8 Drivers/STM32G4xx_HAL_Driver/Src/stm32g4xx_hal_i2c.o
 .text.I2C_IsAcknowledgeFailed
                0x000000000800f7dc       0xcc Drivers/STM32G4xx_HAL_Driver/Src/stm32g4xx_hal_i2c.o
 .text.I2C_TransferConfig
                0x000000000800f8a8       0x5c Drivers/STM32G4xx_HAL_Driver/Src/stm32g4xx_hal_i2c.o
 .text.HAL_I2CEx_ConfigAnalogFilter
                0x000000000800f904       0x96 Drivers/STM32G4xx_HAL_Driver/Src/stm32g4xx_hal_i2c_ex.o
                0x000000000800f904                HAL_I2CEx_ConfigAnalogFilter
 .text.HAL_I2CEx_ConfigDigitalFilter
                0x000000000800f99a       0x98 Drivers/STM32G4xx_HAL_Driver/Src/stm32g4xx_hal_i2c_ex.o
                0x000000000800f99a                HAL_I2CEx_ConfigDigitalFilter
 *fill*         0x000000000800fa32        0x2 
 .text.HAL_PWREx_DisableInternalWakeUpLine
                0x000000000800fa34       0x20 Drivers/STM32G4xx_HAL_Driver/Src/stm32g4xx_hal_pwr_ex.o
                0x000000000800fa34                HAL_PWREx_DisableInternalWakeUpLine
 .text.HAL_PWREx_EnterSHUTDOWNMode
                0x000000000800fa54       0x34 Drivers/STM32G4xx_HAL_Driver/Src/stm32g4xx_hal_pwr_ex.o
                0x000000000800fa54                HAL_PWREx_EnterSHUTDOWNMode
 .text.HAL_PWREx_DisableUCPDDeadBattery
                0x000000000800fa88       0x20 Drivers/STM32G4xx_HAL_Driver/Src/stm32g4xx_hal_pwr_ex.o
                0x000000000800fa88                HAL_PWREx_DisableUCPDDeadBattery
 .text.HAL_RCC_GetSysClockFreq
                0x000000000800faa8       0xc4 Drivers/STM32G4xx_HAL_Driver/Src/stm32g4xx_hal_rcc.o
                0x000000000800faa8                HAL_RCC_GetSysClockFreq
 .text.HAL_RCC_GetHCLKFreq
                0x000000000800fb6c       0x18 Drivers/STM32G4xx_HAL_Driver/Src/stm32g4xx_hal_rcc.o
                0x000000000800fb6c                HAL_RCC_GetHCLKFreq
 .text.HAL_RCC_GetPCLK1Freq
                0x000000000800fb84       0x2c Drivers/STM32G4xx_HAL_Driver/Src/stm32g4xx_hal_rcc.o
                0x000000000800fb84                HAL_RCC_GetPCLK1Freq
 .text.HAL_RCC_GetPCLK2Freq
                0x000000000800fbb0       0x2c Drivers/STM32G4xx_HAL_Driver/Src/stm32g4xx_hal_rcc.o
                0x000000000800fbb0                HAL_RCC_GetPCLK2Freq
 .text.HAL_TIM_Base_Init
                0x000000000800fbdc       0xae Drivers/STM32G4xx_HAL_Driver/Src/stm32g4xx_hal_tim.o
                0x000000000800fbdc                HAL_TIM_Base_Init
 *fill*         0x000000000800fc8a        0x2 
 .text.HAL_TIM_Base_Start
                0x000000000800fc8c       0xe0 Drivers/STM32G4xx_HAL_Driver/Src/stm32g4xx_hal_tim.o
                0x000000000800fc8c                HAL_TIM_Base_Start
 .text.HAL_TIM_Base_Start_IT
                0x000000000800fd6c       0xf0 Drivers/STM32G4xx_HAL_Driver/Src/stm32g4xx_hal_tim.o
                0x000000000800fd6c                HAL_TIM_Base_Start_IT
 .text.HAL_TIM_PWM_Init
                0x000000000800fe5c       0xae Drivers/STM32G4xx_HAL_Driver/Src/stm32g4xx_hal_tim.o
                0x000000000800fe5c                HAL_TIM_PWM_Init
 *fill*         0x000000000800ff0a        0x2 
 .text.HAL_TIM_PWM_Start
                0x000000000800ff0c      0x224 Drivers/STM32G4xx_HAL_Driver/Src/stm32g4xx_hal_tim.o
                0x000000000800ff0c                HAL_TIM_PWM_Start
 .text.HAL_TIM_PWM_Stop
                0x0000000008010130      0x138 Drivers/STM32G4xx_HAL_Driver/Src/stm32g4xx_hal_tim.o
                0x0000000008010130                HAL_TIM_PWM_Stop
 .text.HAL_TIM_IRQHandler
                0x0000000008010268      0x2fe Drivers/STM32G4xx_HAL_Driver/Src/stm32g4xx_hal_tim.o
                0x0000000008010268                HAL_TIM_IRQHandler
 *fill*         0x0000000008010566        0x2 
 .text.HAL_TIM_PWM_ConfigChannel
                0x0000000008010568      0x220 Drivers/STM32G4xx_HAL_Driver/Src/stm32g4xx_hal_tim.o
                0x0000000008010568                HAL_TIM_PWM_ConfigChannel
 .text.HAL_TIM_SlaveConfigSynchro
                0x0000000008010788       0x84 Drivers/STM32G4xx_HAL_Driver/Src/stm32g4xx_hal_tim.o
                0x0000000008010788                HAL_TIM_SlaveConfigSynchro
 .text.HAL_TIM_OC_DelayElapsedCallback
                0x000000000801080c       0x14 Drivers/STM32G4xx_HAL_Driver/Src/stm32g4xx_hal_tim.o
                0x000000000801080c                HAL_TIM_OC_DelayElapsedCallback
 .text.HAL_TIM_IC_CaptureCallback
                0x0000000008010820       0x14 Drivers/STM32G4xx_HAL_Driver/Src/stm32g4xx_hal_tim.o
                0x0000000008010820                HAL_TIM_IC_CaptureCallback
 .text.HAL_TIM_PWM_PulseFinishedCallback
                0x0000000008010834       0x14 Drivers/STM32G4xx_HAL_Driver/Src/stm32g4xx_hal_tim.o
                0x0000000008010834                HAL_TIM_PWM_PulseFinishedCallback
 .text.HAL_TIM_TriggerCallback
                0x0000000008010848       0x14 Drivers/STM32G4xx_HAL_Driver/Src/stm32g4xx_hal_tim.o
                0x0000000008010848                HAL_TIM_TriggerCallback
 .text.TIM_Base_SetConfig
                0x000000000801085c      0x150 Drivers/STM32G4xx_HAL_Driver/Src/stm32g4xx_hal_tim.o
                0x000000000801085c                TIM_Base_SetConfig
 .text.TIM_OC1_SetConfig
                0x00000000080109ac      0x134 Drivers/STM32G4xx_HAL_Driver/Src/stm32g4xx_hal_tim.o
 .text.TIM_OC2_SetConfig
                0x0000000008010ae0      0x128 Drivers/STM32G4xx_HAL_Driver/Src/stm32g4xx_hal_tim.o
                0x0000000008010ae0                TIM_OC2_SetConfig
 .text.TIM_OC3_SetConfig
                0x0000000008010c08      0x124 Drivers/STM32G4xx_HAL_Driver/Src/stm32g4xx_hal_tim.o
 .text.TIM_OC4_SetConfig
                0x0000000008010d2c      0x128 Drivers/STM32G4xx_HAL_Driver/Src/stm32g4xx_hal_tim.o
 .text.TIM_OC5_SetConfig
                0x0000000008010e54       0xd4 Drivers/STM32G4xx_HAL_Driver/Src/stm32g4xx_hal_tim.o
 .text.TIM_OC6_SetConfig
                0x0000000008010f28       0xd8 Drivers/STM32G4xx_HAL_Driver/Src/stm32g4xx_hal_tim.o
 .text.TIM_SlaveTimer_SetConfig
                0x0000000008011000      0x178 Drivers/STM32G4xx_HAL_Driver/Src/stm32g4xx_hal_tim.o
 .text.TIM_TI1_ConfigInputStage
                0x0000000008011178       0x5e Drivers/STM32G4xx_HAL_Driver/Src/stm32g4xx_hal_tim.o
 .text.TIM_TI2_ConfigInputStage
                0x00000000080111d6       0x60 Drivers/STM32G4xx_HAL_Driver/Src/stm32g4xx_hal_tim.o
 .text.TIM_ETR_SetConfig
                0x0000000008011236       0x40 Drivers/STM32G4xx_HAL_Driver/Src/stm32g4xx_hal_tim.o
                0x0000000008011236                TIM_ETR_SetConfig
 .text.TIM_CCxChannelCmd
                0x0000000008011276       0x4a Drivers/STM32G4xx_HAL_Driver/Src/stm32g4xx_hal_tim.o
                0x0000000008011276                TIM_CCxChannelCmd
 .text.HAL_TIMEx_MasterConfigSynchronization
                0x00000000080112c0      0x12c Drivers/STM32G4xx_HAL_Driver/Src/stm32g4xx_hal_tim_ex.o
                0x00000000080112c0                HAL_TIMEx_MasterConfigSynchronization
 .text.HAL_TIMEx_ConfigBreakDeadTime
                0x00000000080113ec      0x164 Drivers/STM32G4xx_HAL_Driver/Src/stm32g4xx_hal_tim_ex.o
                0x00000000080113ec                HAL_TIMEx_ConfigBreakDeadTime
 .text.HAL_TIMEx_CommutCallback
                0x0000000008011550       0x14 Drivers/STM32G4xx_HAL_Driver/Src/stm32g4xx_hal_tim_ex.o
                0x0000000008011550                HAL_TIMEx_CommutCallback
 .text.HAL_TIMEx_BreakCallback
                0x0000000008011564       0x14 Drivers/STM32G4xx_HAL_Driver/Src/stm32g4xx_hal_tim_ex.o
                0x0000000008011564                HAL_TIMEx_BreakCallback
 .text.HAL_TIMEx_Break2Callback
                0x0000000008011578       0x14 Drivers/STM32G4xx_HAL_Driver/Src/stm32g4xx_hal_tim_ex.o
                0x0000000008011578                HAL_TIMEx_Break2Callback
 .text.HAL_TIMEx_EncoderIndexCallback
                0x000000000801158c       0x14 Drivers/STM32G4xx_HAL_Driver/Src/stm32g4xx_hal_tim_ex.o
                0x000000000801158c                HAL_TIMEx_EncoderIndexCallback
 .text.HAL_TIMEx_DirectionChangeCallback
                0x00000000080115a0       0x14 Drivers/STM32G4xx_HAL_Driver/Src/stm32g4xx_hal_tim_ex.o
                0x00000000080115a0                HAL_TIMEx_DirectionChangeCallback
 .text.HAL_TIMEx_IndexErrorCallback
                0x00000000080115b4       0x14 Drivers/STM32G4xx_HAL_Driver/Src/stm32g4xx_hal_tim_ex.o
                0x00000000080115b4                HAL_TIMEx_IndexErrorCallback
 .text.HAL_TIMEx_TransitionErrorCallback
                0x00000000080115c8       0x14 Drivers/STM32G4xx_HAL_Driver/Src/stm32g4xx_hal_tim_ex.o
                0x00000000080115c8                HAL_TIMEx_TransitionErrorCallback
 .text.HAL_UART_Init
                0x00000000080115dc       0xa0 Drivers/STM32G4xx_HAL_Driver/Src/stm32g4xx_hal_uart.o
                0x00000000080115dc                HAL_UART_Init
 .text.HAL_UART_Transmit
                0x000000000801167c      0x12c Drivers/STM32G4xx_HAL_Driver/Src/stm32g4xx_hal_uart.o
                0x000000000801167c                HAL_UART_Transmit
 .text.HAL_UART_Receive_IT
                0x00000000080117a8      0x1b0 Drivers/STM32G4xx_HAL_Driver/Src/stm32g4xx_hal_uart.o
                0x00000000080117a8                HAL_UART_Receive_IT
 .text.HAL_UART_IRQHandler
                0x0000000008011958      0x300 Drivers/STM32G4xx_HAL_Driver/Src/stm32g4xx_hal_uart.o
                0x0000000008011958                HAL_UART_IRQHandler
 .text.HAL_UART_TxCpltCallback
                0x0000000008011c58       0x14 Drivers/STM32G4xx_HAL_Driver/Src/stm32g4xx_hal_uart.o
                0x0000000008011c58                HAL_UART_TxCpltCallback
 .text.HAL_UART_ErrorCallback
                0x0000000008011c6c       0x14 Drivers/STM32G4xx_HAL_Driver/Src/stm32g4xx_hal_uart.o
                0x0000000008011c6c                HAL_UART_ErrorCallback
 .text.UART_SetConfig
                0x0000000008011c80      0x5a4 Drivers/STM32G4xx_HAL_Driver/Src/stm32g4xx_hal_uart.o
                0x0000000008011c80                UART_SetConfig
 .text.UART_AdvFeatureConfig
                0x0000000008012224      0x144 Drivers/STM32G4xx_HAL_Driver/Src/stm32g4xx_hal_uart.o
                0x0000000008012224                UART_AdvFeatureConfig
 .text.UART_CheckIdleState
                0x0000000008012368       0x90 Drivers/STM32G4xx_HAL_Driver/Src/stm32g4xx_hal_uart.o
                0x0000000008012368                UART_CheckIdleState
 .text.UART_WaitOnFlagUntilTimeout
                0x00000000080123f8      0x100 Drivers/STM32G4xx_HAL_Driver/Src/stm32g4xx_hal_uart.o
                0x00000000080123f8                UART_WaitOnFlagUntilTimeout
 .text.UART_EndRxTransfer
                0x00000000080124f8       0x46 Drivers/STM32G4xx_HAL_Driver/Src/stm32g4xx_hal_uart.o
 .text.UART_DMAAbortOnError
                0x000000000801253e       0x2c Drivers/STM32G4xx_HAL_Driver/Src/stm32g4xx_hal_uart.o
 .text.UART_EndTransmit_IT
                0x000000000801256a       0x34 Drivers/STM32G4xx_HAL_Driver/Src/stm32g4xx_hal_uart.o
 .text.UART_RxISR_8BIT
                0x000000000801259e       0xaa Drivers/STM32G4xx_HAL_Driver/Src/stm32g4xx_hal_uart.o
 .text.UART_RxISR_16BIT
                0x0000000008012648       0xaa Drivers/STM32G4xx_HAL_Driver/Src/stm32g4xx_hal_uart.o
 *fill*         0x00000000080126f2        0x2 
 .text.UART_RxISR_8BIT_FIFOEN
                0x00000000080126f4      0x108 Drivers/STM32G4xx_HAL_Driver/Src/stm32g4xx_hal_uart.o
 .text.UART_RxISR_16BIT_FIFOEN
                0x00000000080127fc      0x108 Drivers/STM32G4xx_HAL_Driver/Src/stm32g4xx_hal_uart.o
 .text.HAL_UARTEx_WakeupCallback
                0x0000000008012904       0x14 Drivers/STM32G4xx_HAL_Driver/Src/stm32g4xx_hal_uart_ex.o
                0x0000000008012904                HAL_UARTEx_WakeupCallback
 .text.HAL_UARTEx_RxFifoFullCallback
                0x0000000008012918       0x14 Drivers/STM32G4xx_HAL_Driver/Src/stm32g4xx_hal_uart_ex.o
                0x0000000008012918                HAL_UARTEx_RxFifoFullCallback
 .text.HAL_UARTEx_TxFifoEmptyCallback
                0x000000000801292c       0x14 Drivers/STM32G4xx_HAL_Driver/Src/stm32g4xx_hal_uart_ex.o
                0x000000000801292c                HAL_UARTEx_TxFifoEmptyCallback
 .text.HAL_UARTEx_DisableFifoMode
                0x0000000008012940       0x72 Drivers/STM32G4xx_HAL_Driver/Src/stm32g4xx_hal_uart_ex.o
                0x0000000008012940                HAL_UARTEx_DisableFifoMode
 .text.HAL_UARTEx_SetTxFifoThreshold
                0x00000000080129b2       0x7c Drivers/STM32G4xx_HAL_Driver/Src/stm32g4xx_hal_uart_ex.o
                0x00000000080129b2                HAL_UARTEx_SetTxFifoThreshold
 .text.HAL_UARTEx_SetRxFifoThreshold
                0x0000000008012a2e       0x7c Drivers/STM32G4xx_HAL_Driver/Src/stm32g4xx_hal_uart_ex.o
                0x0000000008012a2e                HAL_UARTEx_SetRxFifoThreshold
 *fill*         0x0000000008012aaa        0x2 
 .text.UARTEx_SetNbDataToProcess
                0x0000000008012aac       0xd0 Drivers/STM32G4xx_HAL_Driver/Src/stm32g4xx_hal_uart_ex.o
 .text.LL_ADC_REG_SetSequencerLength
                0x0000000008012b7c       0x26 Drivers/STM32G4xx_HAL_Driver/Src/stm32g4xx_ll_adc.o
 .text.LL_ADC_IsEnabled
                0x0000000008012ba2       0x26 Drivers/STM32G4xx_HAL_Driver/Src/stm32g4xx_ll_adc.o
 .text.LL_ADC_CommonInit
                0x0000000008012bc8       0xc8 Drivers/STM32G4xx_HAL_Driver/Src/stm32g4xx_ll_adc.o
                0x0000000008012bc8                LL_ADC_CommonInit
 .text.LL_ADC_Init
                0x0000000008012c90       0x4c Drivers/STM32G4xx_HAL_Driver/Src/stm32g4xx_ll_adc.o
                0x0000000008012c90                LL_ADC_Init
 .text.LL_ADC_REG_Init
                0x0000000008012cdc       0x94 Drivers/STM32G4xx_HAL_Driver/Src/stm32g4xx_ll_adc.o
                0x0000000008012cdc                LL_ADC_REG_Init
 .text.LL_EXTI_EnableIT_0_31
                0x0000000008012d70       0x24 Drivers/STM32G4xx_HAL_Driver/Src/stm32g4xx_ll_exti.o
 .text.LL_EXTI_EnableIT_32_63
                0x0000000008012d94       0x24 Drivers/STM32G4xx_HAL_Driver/Src/stm32g4xx_ll_exti.o
 .text.LL_EXTI_DisableIT_0_31
                0x0000000008012db8       0x28 Drivers/STM32G4xx_HAL_Driver/Src/stm32g4xx_ll_exti.o
 .text.LL_EXTI_DisableIT_32_63
                0x0000000008012de0       0x28 Drivers/STM32G4xx_HAL_Driver/Src/stm32g4xx_ll_exti.o
 .text.LL_EXTI_EnableEvent_0_31
                0x0000000008012e08       0x24 Drivers/STM32G4xx_HAL_Driver/Src/stm32g4xx_ll_exti.o
 .text.LL_EXTI_EnableEvent_32_63
                0x0000000008012e2c       0x24 Drivers/STM32G4xx_HAL_Driver/Src/stm32g4xx_ll_exti.o
 .text.LL_EXTI_DisableEvent_0_31
                0x0000000008012e50       0x28 Drivers/STM32G4xx_HAL_Driver/Src/stm32g4xx_ll_exti.o
 .text.LL_EXTI_DisableEvent_32_63
                0x0000000008012e78       0x28 Drivers/STM32G4xx_HAL_Driver/Src/stm32g4xx_ll_exti.o
 .text.LL_EXTI_EnableRisingTrig_0_31
                0x0000000008012ea0       0x24 Drivers/STM32G4xx_HAL_Driver/Src/stm32g4xx_ll_exti.o
 .text.LL_EXTI_EnableRisingTrig_32_63
                0x0000000008012ec4       0x24 Drivers/STM32G4xx_HAL_Driver/Src/stm32g4xx_ll_exti.o
 .text.LL_EXTI_DisableRisingTrig_0_31
                0x0000000008012ee8       0x28 Drivers/STM32G4xx_HAL_Driver/Src/stm32g4xx_ll_exti.o
 .text.LL_EXTI_DisableRisingTrig_32_63
                0x0000000008012f10       0x28 Drivers/STM32G4xx_HAL_Driver/Src/stm32g4xx_ll_exti.o
 .text.LL_EXTI_EnableFallingTrig_0_31
                0x0000000008012f38       0x24 Drivers/STM32G4xx_HAL_Driver/Src/stm32g4xx_ll_exti.o
 .text.LL_EXTI_EnableFallingTrig_32_63
                0x0000000008012f5c       0x24 Drivers/STM32G4xx_HAL_Driver/Src/stm32g4xx_ll_exti.o
 .text.LL_EXTI_DisableFallingTrig_0_31
                0x0000000008012f80       0x28 Drivers/STM32G4xx_HAL_Driver/Src/stm32g4xx_ll_exti.o
 .text.LL_EXTI_DisableFallingTrig_32_63
                0x0000000008012fa8       0x28 Drivers/STM32G4xx_HAL_Driver/Src/stm32g4xx_ll_exti.o
 .text.LL_EXTI_Init
                0x0000000008012fd0      0x1dc Drivers/STM32G4xx_HAL_Driver/Src/stm32g4xx_ll_exti.o
                0x0000000008012fd0                LL_EXTI_Init
 .text.LL_GPIO_SetPinMode
                0x00000000080131ac       0x7a Drivers/STM32G4xx_HAL_Driver/Src/stm32g4xx_ll_gpio.o
 .text.LL_GPIO_SetPinOutputType
                0x0000000008013226       0x30 Drivers/STM32G4xx_HAL_Driver/Src/stm32g4xx_ll_gpio.o
 .text.LL_GPIO_SetPinSpeed
                0x0000000008013256       0x7a Drivers/STM32G4xx_HAL_Driver/Src/stm32g4xx_ll_gpio.o
 .text.LL_GPIO_SetPinPull
                0x00000000080132d0       0x7a Drivers/STM32G4xx_HAL_Driver/Src/stm32g4xx_ll_gpio.o
 .text.LL_GPIO_SetAFPin_0_7
                0x000000000801334a       0x7a Drivers/STM32G4xx_HAL_Driver/Src/stm32g4xx_ll_gpio.o
 .text.LL_GPIO_SetAFPin_8_15
                0x00000000080133c4       0x7e Drivers/STM32G4xx_HAL_Driver/Src/stm32g4xx_ll_gpio.o
 .text.LL_GPIO_Init
                0x0000000008013442       0xdc Drivers/STM32G4xx_HAL_Driver/Src/stm32g4xx_ll_gpio.o
                0x0000000008013442                LL_GPIO_Init
 *fill*         0x000000000801351e        0x2 
 .text.LL_RCC_HSI_IsReady
                0x0000000008013520       0x28 Drivers/STM32G4xx_HAL_Driver/Src/stm32g4xx_ll_rcc.o
 .text.LL_RCC_LSE_IsReady
                0x0000000008013548       0x28 Drivers/STM32G4xx_HAL_Driver/Src/stm32g4xx_ll_rcc.o
 .text.LL_RCC_GetSysClkSource
                0x0000000008013570       0x1c Drivers/STM32G4xx_HAL_Driver/Src/stm32g4xx_ll_rcc.o
 .text.LL_RCC_GetAHBPrescaler
                0x000000000801358c       0x1c Drivers/STM32G4xx_HAL_Driver/Src/stm32g4xx_ll_rcc.o
 .text.LL_RCC_GetAPB1Prescaler
                0x00000000080135a8       0x1c Drivers/STM32G4xx_HAL_Driver/Src/stm32g4xx_ll_rcc.o
 .text.LL_RCC_GetAPB2Prescaler
                0x00000000080135c4       0x1c Drivers/STM32G4xx_HAL_Driver/Src/stm32g4xx_ll_rcc.o
 .text.LL_RCC_GetUSARTClockSource
                0x00000000080135e0       0x28 Drivers/STM32G4xx_HAL_Driver/Src/stm32g4xx_ll_rcc.o
 .text.LL_RCC_GetUARTClockSource
                0x0000000008013608       0x28 Drivers/STM32G4xx_HAL_Driver/Src/stm32g4xx_ll_rcc.o
 .text.LL_RCC_PLL_GetMainSource
                0x0000000008013630       0x1c Drivers/STM32G4xx_HAL_Driver/Src/stm32g4xx_ll_rcc.o
 .text.LL_RCC_PLL_GetN
                0x000000000801364c       0x1c Drivers/STM32G4xx_HAL_Driver/Src/stm32g4xx_ll_rcc.o
 .text.LL_RCC_PLL_GetR
                0x0000000008013668       0x1c Drivers/STM32G4xx_HAL_Driver/Src/stm32g4xx_ll_rcc.o
 .text.LL_RCC_PLL_GetDivider
                0x0000000008013684       0x1c Drivers/STM32G4xx_HAL_Driver/Src/stm32g4xx_ll_rcc.o
 .text.LL_RCC_GetUSARTClockFreq
                0x00000000080136a0      0x178 Drivers/STM32G4xx_HAL_Driver/Src/stm32g4xx_ll_rcc.o
                0x00000000080136a0                LL_RCC_GetUSARTClockFreq
 .text.LL_RCC_GetUARTClockFreq
                0x0000000008013818      0x104 Drivers/STM32G4xx_HAL_Driver/Src/stm32g4xx_ll_rcc.o
                0x0000000008013818                LL_RCC_GetUARTClockFreq
 .text.RCC_GetSystemClockFreq
                0x000000000801391c       0x44 Drivers/STM32G4xx_HAL_Driver/Src/stm32g4xx_ll_rcc.o
                0x000000000801391c                RCC_GetSystemClockFreq
 .text.RCC_GetHCLKClockFreq
                0x0000000008013960       0x30 Drivers/STM32G4xx_HAL_Driver/Src/stm32g4xx_ll_rcc.o
                0x0000000008013960                RCC_GetHCLKClockFreq
 .text.RCC_GetPCLK1ClockFreq
                0x0000000008013990       0x2c Drivers/STM32G4xx_HAL_Driver/Src/stm32g4xx_ll_rcc.o
                0x0000000008013990                RCC_GetPCLK1ClockFreq
 .text.RCC_GetPCLK2ClockFreq
                0x00000000080139bc       0x2c Drivers/STM32G4xx_HAL_Driver/Src/stm32g4xx_ll_rcc.o
                0x00000000080139bc                RCC_GetPCLK2ClockFreq
 .text.RCC_PLL_GetFreqDomain_SYS
                0x00000000080139e8       0x64 Drivers/STM32G4xx_HAL_Driver/Src/stm32g4xx_ll_rcc.o
                0x00000000080139e8                RCC_PLL_GetFreqDomain_SYS
 .text.LL_SPI_IsEnabled
                0x0000000008013a4c       0x26 Drivers/STM32G4xx_HAL_Driver/Src/stm32g4xx_ll_spi.o
 .text.LL_SPI_SetCRCPolynomial
                0x0000000008013a72       0x20 Drivers/STM32G4xx_HAL_Driver/Src/stm32g4xx_ll_spi.o
 .text.LL_SPI_Init
                0x0000000008013a92       0xa8 Drivers/STM32G4xx_HAL_Driver/Src/stm32g4xx_ll_spi.o
                0x0000000008013a92                LL_SPI_Init
 .text.LL_USART_IsEnabled
                0x0000000008013b3a       0x26 Drivers/STM32G4xx_HAL_Driver/Src/stm32g4xx_ll_usart.o
 .text.LL_USART_SetPrescaler
                0x0000000008013b60       0x28 Drivers/STM32G4xx_HAL_Driver/Src/stm32g4xx_ll_usart.o
 .text.LL_USART_SetStopBitsLength
                0x0000000008013b88       0x26 Drivers/STM32G4xx_HAL_Driver/Src/stm32g4xx_ll_usart.o
 .text.LL_USART_SetHWFlowCtrl
                0x0000000008013bae       0x26 Drivers/STM32G4xx_HAL_Driver/Src/stm32g4xx_ll_usart.o
 .text.LL_USART_SetBaudRate
                0x0000000008013bd4       0xa0 Drivers/STM32G4xx_HAL_Driver/Src/stm32g4xx_ll_usart.o
 .text.LL_USART_Init
                0x0000000008013c74      0x10c Drivers/STM32G4xx_HAL_Driver/Src/stm32g4xx_ll_usart.o
                0x0000000008013c74                LL_USART_Init
 .text.LL_mDelay
                0x0000000008013d80       0x4c Drivers/STM32G4xx_HAL_Driver/Src/stm32g4xx_ll_utils.o
                0x0000000008013d80                LL_mDelay
 .text.LL_SetSystemCoreClock
                0x0000000008013dcc       0x20 Drivers/STM32G4xx_HAL_Driver/Src/stm32g4xx_ll_utils.o
                0x0000000008013dcc                LL_SetSystemCoreClock
 .text.Reset_Handler
                0x0000000008013dec       0x50 Startup/startup_stm32g474xx.o
                0x0000000008013dec                Reset_Handler
 .text.Default_Handler
                0x0000000008013e3c        0x2 Startup/startup_stm32g474xx.o
                0x0000000008013e3c                RTC_Alarm_IRQHandler
                0x0000000008013e3c                TIM8_TRG_COM_IRQHandler
                0x0000000008013e3c                TIM8_CC_IRQHandler
                0x0000000008013e3c                HRTIM1_Master_IRQHandler
                0x0000000008013e3c                SPI4_IRQHandler
                0x0000000008013e3c                FDCAN3_IT0_IRQHandler
                0x0000000008013e3c                TIM1_CC_IRQHandler
                0x0000000008013e3c                HRTIM1_FLT_IRQHandler
                0x0000000008013e3c                HRTIM1_TIMF_IRQHandler
                0x0000000008013e3c                USB_HP_IRQHandler
                0x0000000008013e3c                CORDIC_IRQHandler
                0x0000000008013e3c                HRTIM1_TIMD_IRQHandler
                0x0000000008013e3c                DMA2_Channel8_IRQHandler
                0x0000000008013e3c                EXTI3_IRQHandler
                0x0000000008013e3c                I2C3_ER_IRQHandler
                0x0000000008013e3c                I2C2_EV_IRQHandler
                0x0000000008013e3c                FPU_IRQHandler
                0x0000000008013e3c                FDCAN1_IT1_IRQHandler
                0x0000000008013e3c                TIM1_UP_TIM16_IRQHandler
                0x0000000008013e3c                HRTIM1_TIME_IRQHandler
                0x0000000008013e3c                SPI1_IRQHandler
                0x0000000008013e3c                HRTIM1_TIMC_IRQHandler
                0x0000000008013e3c                TIM8_UP_IRQHandler
                0x0000000008013e3c                DMA2_Channel2_IRQHandler
                0x0000000008013e3c                TIM20_TRG_COM_IRQHandler
                0x0000000008013e3c                USART3_IRQHandler
                0x0000000008013e3c                DMA1_Channel7_IRQHandler
                0x0000000008013e3c                UART5_IRQHandler
                0x0000000008013e3c                ADC3_IRQHandler
                0x0000000008013e3c                TIM4_IRQHandler
                0x0000000008013e3c                QUADSPI_IRQHandler
                0x0000000008013e3c                I2C1_EV_IRQHandler
                0x0000000008013e3c                DMA2_Channel4_IRQHandler
                0x0000000008013e3c                TIM3_IRQHandler
                0x0000000008013e3c                RCC_IRQHandler
                0x0000000008013e3c                TIM20_UP_IRQHandler
                0x0000000008013e3c                Default_Handler
                0x0000000008013e3c                DMA2_Channel7_IRQHandler
                0x0000000008013e3c                RTC_TAMP_LSECSS_IRQHandler
                0x0000000008013e3c                FMAC_IRQHandler
                0x0000000008013e3c                EXTI15_10_IRQHandler
                0x0000000008013e3c                DMA1_Channel8_IRQHandler
                0x0000000008013e3c                HRTIM1_TIMA_IRQHandler
                0x0000000008013e3c                TIM7_DAC_IRQHandler
                0x0000000008013e3c                FDCAN3_IT1_IRQHandler
                0x0000000008013e3c                TIM5_IRQHandler
                0x0000000008013e3c                UCPD1_IRQHandler
                0x0000000008013e3c                I2C3_EV_IRQHandler
                0x0000000008013e3c                EXTI9_5_IRQHandler
                0x0000000008013e3c                RTC_WKUP_IRQHandler
                0x0000000008013e3c                PVD_PVM_IRQHandler
                0x0000000008013e3c                SPI2_IRQHandler
                0x0000000008013e3c                DMA2_Channel5_IRQHandler
                0x0000000008013e3c                CRS_IRQHandler
                0x0000000008013e3c                USB_LP_IRQHandler
                0x0000000008013e3c                EXTI4_IRQHandler
                0x0000000008013e3c                RNG_IRQHandler
                0x0000000008013e3c                HRTIM1_TIMB_IRQHandler
                0x0000000008013e3c                TIM1_TRG_COM_TIM17_IRQHandler
                0x0000000008013e3c                FDCAN2_IT1_IRQHandler
                0x0000000008013e3c                ADC4_IRQHandler
                0x0000000008013e3c                WWDG_IRQHandler
                0x0000000008013e3c                I2C4_EV_IRQHandler
                0x0000000008013e3c                FDCAN2_IT0_IRQHandler
                0x0000000008013e3c                DMA2_Channel6_IRQHandler
                0x0000000008013e3c                FDCAN1_IT0_IRQHandler
                0x0000000008013e3c                TIM2_IRQHandler
                0x0000000008013e3c                COMP7_IRQHandler
                0x0000000008013e3c                COMP1_2_3_IRQHandler
                0x0000000008013e3c                USART2_IRQHandler
                0x0000000008013e3c                COMP4_5_6_IRQHandler
                0x0000000008013e3c                TIM20_BRK_IRQHandler
                0x0000000008013e3c                I2C2_ER_IRQHandler
                0x0000000008013e3c                TIM8_BRK_IRQHandler
                0x0000000008013e3c                FLASH_IRQHandler
                0x0000000008013e3c                TIM20_CC_IRQHandler
                0x0000000008013e3c                USART1_IRQHandler
                0x0000000008013e3c                SPI3_IRQHandler
                0x0000000008013e3c                I2C1_ER_IRQHandler
                0x0000000008013e3c                FMC_IRQHandler
                0x0000000008013e3c                LPTIM1_IRQHandler
                0x0000000008013e3c                DMAMUX_OVR_IRQHandler
                0x0000000008013e3c                I2C4_ER_IRQHandler
                0x0000000008013e3c                USBWakeUp_IRQHandler
                0x0000000008013e3c                SAI1_IRQHandler
                0x0000000008013e3c                DMA2_Channel3_IRQHandler
                0x0000000008013e3c                TIM1_BRK_TIM15_IRQHandler
 *fill*         0x0000000008013e3e        0x2 
 .text.__errno  0x0000000008013e40        0xc c:/st/stm32cubeide_1.5.0/stm32cubeide/plugins/com.st.stm32cube.ide.mcu.externaltools.gnu-tools-for-stm32.7-2018-q2-update.win32_1.5.0.202011040924/tools/bin/../lib/gcc/arm-none-eabi/7.3.1/../../../../arm-none-eabi/lib/thumb/v7e-m/fpv4-sp/hard\libc_nano.a(lib_a-errno.o)
                0x0000000008013e40                __errno
 .text.__sflush_r
                0x0000000008013e4c      0x10c c:/st/stm32cubeide_1.5.0/stm32cubeide/plugins/com.st.stm32cube.ide.mcu.externaltools.gnu-tools-for-stm32.7-2018-q2-update.win32_1.5.0.202011040924/tools/bin/../lib/gcc/arm-none-eabi/7.3.1/../../../../arm-none-eabi/lib/thumb/v7e-m/fpv4-sp/hard\libc_nano.a(lib_a-fflush.o)
                0x0000000008013e4c                __sflush_r
 .text._fflush_r
                0x0000000008013f58       0x54 c:/st/stm32cubeide_1.5.0/stm32cubeide/plugins/com.st.stm32cube.ide.mcu.externaltools.gnu-tools-for-stm32.7-2018-q2-update.win32_1.5.0.202011040924/tools/bin/../lib/gcc/arm-none-eabi/7.3.1/../../../../arm-none-eabi/lib/thumb/v7e-m/fpv4-sp/hard\libc_nano.a(lib_a-fflush.o)
                0x0000000008013f58                _fflush_r
 .text.fflush   0x0000000008013fac       0x24 c:/st/stm32cubeide_1.5.0/stm32cubeide/plugins/com.st.stm32cube.ide.mcu.externaltools.gnu-tools-for-stm32.7-2018-q2-update.win32_1.5.0.202011040924/tools/bin/../lib/gcc/arm-none-eabi/7.3.1/../../../../arm-none-eabi/lib/thumb/v7e-m/fpv4-sp/hard\libc_nano.a(lib_a-fflush.o)
                0x0000000008013fac                fflush
 .text.std      0x0000000008013fd0       0x48 c:/st/stm32cubeide_1.5.0/stm32cubeide/plugins/com.st.stm32cube.ide.mcu.externaltools.gnu-tools-for-stm32.7-2018-q2-update.win32_1.5.0.202011040924/tools/bin/../lib/gcc/arm-none-eabi/7.3.1/../../../../arm-none-eabi/lib/thumb/v7e-m/fpv4-sp/hard\libc_nano.a(lib_a-findfp.o)
 .text._cleanup_r
                0x0000000008014018        0xc c:/st/stm32cubeide_1.5.0/stm32cubeide/plugins/com.st.stm32cube.ide.mcu.externaltools.gnu-tools-for-stm32.7-2018-q2-update.win32_1.5.0.202011040924/tools/bin/../lib/gcc/arm-none-eabi/7.3.1/../../../../arm-none-eabi/lib/thumb/v7e-m/fpv4-sp/hard\libc_nano.a(lib_a-findfp.o)
                0x0000000008014018                _cleanup_r
 .text.__sfmoreglue
                0x0000000008014024       0x2c c:/st/stm32cubeide_1.5.0/stm32cubeide/plugins/com.st.stm32cube.ide.mcu.externaltools.gnu-tools-for-stm32.7-2018-q2-update.win32_1.5.0.202011040924/tools/bin/../lib/gcc/arm-none-eabi/7.3.1/../../../../arm-none-eabi/lib/thumb/v7e-m/fpv4-sp/hard\libc_nano.a(lib_a-findfp.o)
                0x0000000008014024                __sfmoreglue
 .text.__sinit  0x0000000008014050       0x60 c:/st/stm32cubeide_1.5.0/stm32cubeide/plugins/com.st.stm32cube.ide.mcu.externaltools.gnu-tools-for-stm32.7-2018-q2-update.win32_1.5.0.202011040924/tools/bin/../lib/gcc/arm-none-eabi/7.3.1/../../../../arm-none-eabi/lib/thumb/v7e-m/fpv4-sp/hard\libc_nano.a(lib_a-findfp.o)
                0x0000000008014050                __sinit
 .text.__sfp    0x00000000080140b0       0x78 c:/st/stm32cubeide_1.5.0/stm32cubeide/plugins/com.st.stm32cube.ide.mcu.externaltools.gnu-tools-for-stm32.7-2018-q2-update.win32_1.5.0.202011040924/tools/bin/../lib/gcc/arm-none-eabi/7.3.1/../../../../arm-none-eabi/lib/thumb/v7e-m/fpv4-sp/hard\libc_nano.a(lib_a-findfp.o)
                0x00000000080140b0                __sfp
 .text._fwalk_reent
                0x0000000008014128       0x3c c:/st/stm32cubeide_1.5.0/stm32cubeide/plugins/com.st.stm32cube.ide.mcu.externaltools.gnu-tools-for-stm32.7-2018-q2-update.win32_1.5.0.202011040924/tools/bin/../lib/gcc/arm-none-eabi/7.3.1/../../../../arm-none-eabi/lib/thumb/v7e-m/fpv4-sp/hard\libc_nano.a(lib_a-fwalk.o)
                0x0000000008014128                _fwalk_reent
 .text.__libc_init_array
                0x0000000008014164       0x48 c:/st/stm32cubeide_1.5.0/stm32cubeide/plugins/com.st.stm32cube.ide.mcu.externaltools.gnu-tools-for-stm32.7-2018-q2-update.win32_1.5.0.202011040924/tools/bin/../lib/gcc/arm-none-eabi/7.3.1/../../../../arm-none-eabi/lib/thumb/v7e-m/fpv4-sp/hard\libc_nano.a(lib_a-init.o)
                0x0000000008014164                __libc_init_array
 .text.memcpy   0x00000000080141ac       0x16 c:/st/stm32cubeide_1.5.0/stm32cubeide/plugins/com.st.stm32cube.ide.mcu.externaltools.gnu-tools-for-stm32.7-2018-q2-update.win32_1.5.0.202011040924/tools/bin/../lib/gcc/arm-none-eabi/7.3.1/../../../../arm-none-eabi/lib/thumb/v7e-m/fpv4-sp/hard\libc_nano.a(lib_a-memcpy-stub.o)
                0x00000000080141ac                memcpy
 .text.memset   0x00000000080141c2       0x10 c:/st/stm32cubeide_1.5.0/stm32cubeide/plugins/com.st.stm32cube.ide.mcu.externaltools.gnu-tools-for-stm32.7-2018-q2-update.win32_1.5.0.202011040924/tools/bin/../lib/gcc/arm-none-eabi/7.3.1/../../../../arm-none-eabi/lib/thumb/v7e-m/fpv4-sp/hard\libc_nano.a(lib_a-memset.o)
                0x00000000080141c2                memset
 *fill*         0x00000000080141d2        0x2 
 .text._free_r  0x00000000080141d4       0x9c c:/st/stm32cubeide_1.5.0/stm32cubeide/plugins/com.st.stm32cube.ide.mcu.externaltools.gnu-tools-for-stm32.7-2018-q2-update.win32_1.5.0.202011040924/tools/bin/../lib/gcc/arm-none-eabi/7.3.1/../../../../arm-none-eabi/lib/thumb/v7e-m/fpv4-sp/hard\libc_nano.a(lib_a-nano-freer.o)
                0x00000000080141d4                _free_r
 .text._malloc_r
                0x0000000008014270       0xb4 c:/st/stm32cubeide_1.5.0/stm32cubeide/plugins/com.st.stm32cube.ide.mcu.externaltools.gnu-tools-for-stm32.7-2018-q2-update.win32_1.5.0.202011040924/tools/bin/../lib/gcc/arm-none-eabi/7.3.1/../../../../arm-none-eabi/lib/thumb/v7e-m/fpv4-sp/hard\libc_nano.a(lib_a-nano-mallocr.o)
                0x0000000008014270                _malloc_r
 .text.printf   0x0000000008014324       0x30 c:/st/stm32cubeide_1.5.0/stm32cubeide/plugins/com.st.stm32cube.ide.mcu.externaltools.gnu-tools-for-stm32.7-2018-q2-update.win32_1.5.0.202011040924/tools/bin/../lib/gcc/arm-none-eabi/7.3.1/../../../../arm-none-eabi/lib/thumb/v7e-m/fpv4-sp/hard\libc_nano.a(lib_a-printf.o)
                0x0000000008014324                iprintf
                0x0000000008014324                printf
 .text.putchar  0x0000000008014354       0x28 c:/st/stm32cubeide_1.5.0/stm32cubeide/plugins/com.st.stm32cube.ide.mcu.externaltools.gnu-tools-for-stm32.7-2018-q2-update.win32_1.5.0.202011040924/tools/bin/../lib/gcc/arm-none-eabi/7.3.1/../../../../arm-none-eabi/lib/thumb/v7e-m/fpv4-sp/hard\libc_nano.a(lib_a-putchar.o)
                0x0000000008014354                putchar
 .text._puts_r  0x000000000801437c       0xb8 c:/st/stm32cubeide_1.5.0/stm32cubeide/plugins/com.st.stm32cube.ide.mcu.externaltools.gnu-tools-for-stm32.7-2018-q2-update.win32_1.5.0.202011040924/tools/bin/../lib/gcc/arm-none-eabi/7.3.1/../../../../arm-none-eabi/lib/thumb/v7e-m/fpv4-sp/hard\libc_nano.a(lib_a-puts.o)
                0x000000000801437c                _puts_r
 .text.puts     0x0000000008014434       0x10 c:/st/stm32cubeide_1.5.0/stm32cubeide/plugins/com.st.stm32cube.ide.mcu.externaltools.gnu-tools-for-stm32.7-2018-q2-update.win32_1.5.0.202011040924/tools/bin/../lib/gcc/arm-none-eabi/7.3.1/../../../../arm-none-eabi/lib/thumb/v7e-m/fpv4-sp/hard\libc_nano.a(lib_a-puts.o)
                0x0000000008014434                puts
 .text.swapfunc
                0x0000000008014444       0x32 c:/st/stm32cubeide_1.5.0/stm32cubeide/plugins/com.st.stm32cube.ide.mcu.externaltools.gnu-tools-for-stm32.7-2018-q2-update.win32_1.5.0.202011040924/tools/bin/../lib/gcc/arm-none-eabi/7.3.1/../../../../arm-none-eabi/lib/thumb/v7e-m/fpv4-sp/hard\libc_nano.a(lib_a-qsort.o)
 .text.med3.isra.1
                0x0000000008014476       0x3e c:/st/stm32cubeide_1.5.0/stm32cubeide/plugins/com.st.stm32cube.ide.mcu.externaltools.gnu-tools-for-stm32.7-2018-q2-update.win32_1.5.0.202011040924/tools/bin/../lib/gcc/arm-none-eabi/7.3.1/../../../../arm-none-eabi/lib/thumb/v7e-m/fpv4-sp/hard\libc_nano.a(lib_a-qsort.o)
 .text.qsort    0x00000000080144b4      0x24e c:/st/stm32cubeide_1.5.0/stm32cubeide/plugins/com.st.stm32cube.ide.mcu.externaltools.gnu-tools-for-stm32.7-2018-q2-update.win32_1.5.0.202011040924/tools/bin/../lib/gcc/arm-none-eabi/7.3.1/../../../../arm-none-eabi/lib/thumb/v7e-m/fpv4-sp/hard\libc_nano.a(lib_a-qsort.o)
                0x00000000080144b4                qsort
 *fill*         0x0000000008014702        0x2 
 .text._sbrk_r  0x0000000008014704       0x20 c:/st/stm32cubeide_1.5.0/stm32cubeide/plugins/com.st.stm32cube.ide.mcu.externaltools.gnu-tools-for-stm32.7-2018-q2-update.win32_1.5.0.202011040924/tools/bin/../lib/gcc/arm-none-eabi/7.3.1/../../../../arm-none-eabi/lib/thumb/v7e-m/fpv4-sp/hard\libc_nano.a(lib_a-sbrkr.o)
                0x0000000008014704                _sbrk_r
 .text.__sread  0x0000000008014724       0x22 c:/st/stm32cubeide_1.5.0/stm32cubeide/plugins/com.st.stm32cube.ide.mcu.externaltools.gnu-tools-for-stm32.7-2018-q2-update.win32_1.5.0.202011040924/tools/bin/../lib/gcc/arm-none-eabi/7.3.1/../../../../arm-none-eabi/lib/thumb/v7e-m/fpv4-sp/hard\libc_nano.a(lib_a-stdio.o)
                0x0000000008014724                __sread
 .text.__swrite
                0x0000000008014746       0x38 c:/st/stm32cubeide_1.5.0/stm32cubeide/plugins/com.st.stm32cube.ide.mcu.externaltools.gnu-tools-for-stm32.7-2018-q2-update.win32_1.5.0.202011040924/tools/bin/../lib/gcc/arm-none-eabi/7.3.1/../../../../arm-none-eabi/lib/thumb/v7e-m/fpv4-sp/hard\libc_nano.a(lib_a-stdio.o)
                0x0000000008014746                __swrite
 .text.__sseek  0x000000000801477e       0x24 c:/st/stm32cubeide_1.5.0/stm32cubeide/plugins/com.st.stm32cube.ide.mcu.externaltools.gnu-tools-for-stm32.7-2018-q2-update.win32_1.5.0.202011040924/tools/bin/../lib/gcc/arm-none-eabi/7.3.1/../../../../arm-none-eabi/lib/thumb/v7e-m/fpv4-sp/hard\libc_nano.a(lib_a-stdio.o)
                0x000000000801477e                __sseek
 .text.__sclose
                0x00000000080147a2        0x8 c:/st/stm32cubeide_1.5.0/stm32cubeide/plugins/com.st.stm32cube.ide.mcu.externaltools.gnu-tools-for-stm32.7-2018-q2-update.win32_1.5.0.202011040924/tools/bin/../lib/gcc/arm-none-eabi/7.3.1/../../../../arm-none-eabi/lib/thumb/v7e-m/fpv4-sp/hard\libc_nano.a(lib_a-stdio.o)
                0x00000000080147a2                __sclose
 *fill*         0x00000000080147aa        0x2 
 .text.__swbuf_r
                0x00000000080147ac       0xa4 c:/st/stm32cubeide_1.5.0/stm32cubeide/plugins/com.st.stm32cube.ide.mcu.externaltools.gnu-tools-for-stm32.7-2018-q2-update.win32_1.5.0.202011040924/tools/bin/../lib/gcc/arm-none-eabi/7.3.1/../../../../arm-none-eabi/lib/thumb/v7e-m/fpv4-sp/hard\libc_nano.a(lib_a-wbuf.o)
                0x00000000080147ac                __swbuf_r
 .text._write_r
                0x0000000008014850       0x24 c:/st/stm32cubeide_1.5.0/stm32cubeide/plugins/com.st.stm32cube.ide.mcu.externaltools.gnu-tools-for-stm32.7-2018-q2-update.win32_1.5.0.202011040924/tools/bin/../lib/gcc/arm-none-eabi/7.3.1/../../../../arm-none-eabi/lib/thumb/v7e-m/fpv4-sp/hard\libc_nano.a(lib_a-writer.o)
                0x0000000008014850                _write_r
 .text.__swsetup_r
                0x0000000008014874       0xdc c:/st/stm32cubeide_1.5.0/stm32cubeide/plugins/com.st.stm32cube.ide.mcu.externaltools.gnu-tools-for-stm32.7-2018-q2-update.win32_1.5.0.202011040924/tools/bin/../lib/gcc/arm-none-eabi/7.3.1/../../../../arm-none-eabi/lib/thumb/v7e-m/fpv4-sp/hard\libc_nano.a(lib_a-wsetup.o)
                0x0000000008014874                __swsetup_r
 .text._close_r
                0x0000000008014950       0x20 c:/st/stm32cubeide_1.5.0/stm32cubeide/plugins/com.st.stm32cube.ide.mcu.externaltools.gnu-tools-for-stm32.7-2018-q2-update.win32_1.5.0.202011040924/tools/bin/../lib/gcc/arm-none-eabi/7.3.1/../../../../arm-none-eabi/lib/thumb/v7e-m/fpv4-sp/hard\libc_nano.a(lib_a-closer.o)
                0x0000000008014950                _close_r
 .text._lseek_r
                0x0000000008014970       0x24 c:/st/stm32cubeide_1.5.0/stm32cubeide/plugins/com.st.stm32cube.ide.mcu.externaltools.gnu-tools-for-stm32.7-2018-q2-update.win32_1.5.0.202011040924/tools/bin/../lib/gcc/arm-none-eabi/7.3.1/../../../../arm-none-eabi/lib/thumb/v7e-m/fpv4-sp/hard\libc_nano.a(lib_a-lseekr.o)
                0x0000000008014970                _lseek_r
 .text.__swhatbuf_r
                0x0000000008014994       0x48 c:/st/stm32cubeide_1.5.0/stm32cubeide/plugins/com.st.stm32cube.ide.mcu.externaltools.gnu-tools-for-stm32.7-2018-q2-update.win32_1.5.0.202011040924/tools/bin/../lib/gcc/arm-none-eabi/7.3.1/../../../../arm-none-eabi/lib/thumb/v7e-m/fpv4-sp/hard\libc_nano.a(lib_a-makebuf.o)
                0x0000000008014994                __swhatbuf_r
 .text.__smakebuf_r
                0x00000000080149dc       0x80 c:/st/stm32cubeide_1.5.0/stm32cubeide/plugins/com.st.stm32cube.ide.mcu.externaltools.gnu-tools-for-stm32.7-2018-q2-update.win32_1.5.0.202011040924/tools/bin/../lib/gcc/arm-none-eabi/7.3.1/../../../../arm-none-eabi/lib/thumb/v7e-m/fpv4-sp/hard\libc_nano.a(lib_a-makebuf.o)
                0x00000000080149dc                __smakebuf_r
 .text.__malloc_lock
                0x0000000008014a5c        0x2 c:/st/stm32cubeide_1.5.0/stm32cubeide/plugins/com.st.stm32cube.ide.mcu.externaltools.gnu-tools-for-stm32.7-2018-q2-update.win32_1.5.0.202011040924/tools/bin/../lib/gcc/arm-none-eabi/7.3.1/../../../../arm-none-eabi/lib/thumb/v7e-m/fpv4-sp/hard\libc_nano.a(lib_a-mlock.o)
                0x0000000008014a5c                __malloc_lock
 .text.__malloc_unlock